[fir2dim     /solo]  0s  cycles_avg=1.297e+04
[fir2dim     /llc ]  0s  cycles_avg=1.364e+04
[fir2dim     /bus ]  1s  cycles_avg=1.393e+04
[fir2dim     /mem ]  0s  cycles_avg=1.465e+04
[fir2dim     /mix ]  1s  cycles_avg=1.470e+04
[fmref       /solo]  0s  cycles_avg=6.556e+05
[fmref       /llc ]  0s  cycles_avg=6.630e+05
[fmref       /bus ]  1s  cycles_avg=8.082e+05
[fmref       /mem ]  1s  cycles_avg=7.185e+05
[fmref       /mix ]  0s  cycles_avg=7.131e+05
[cosf        /solo]  1s  cycles_avg=3.139e+04
[cosf        /llc ]  0s  cycles_avg=3.175e+04
[cosf        /bus ]  1s  cycles_avg=3.360e+04
[cosf        /mem ]  0s  cycles_avg=3.324e+04
[cosf        /mix ]  1s  cycles_avg=5.878e+04
[test3       /solo] 85s  cycles_avg=7.617e+08
[test3       /solo] 107s  cycles_avg=7.872e+08
[test3       /llc ] 105s  cycles_avg=7.888e+08
[test3       /llc ] 127s  cycles_avg=8.827e+08
[test3       /bus ] 130s  cycles_avg=8.955e+08
[test3       /bus ] 134s  cycles_avg=9.240e+08
[test3       /mem ] 139s  cycles_avg=9.558e+08
[test3       /mix ]  68s cycles_avg=8.598e+08
[jfdctint    /solo]   0s cycles_avg=8.633e+03
[jfdctint    /llc ]   0s cycles_avg=8.882e+03
[jfdctint    /bus ]   0s cycles_avg=1.051e+04
[jfdctint    /mem ]   1s cycles_avg=2.255e+04
[jfdctint    /mix ]   0s cycles_avg=2.462e+04
[fac         /solo]   0s cycles_avg=9.612e+02
[fac         /llc ]   1s cycles_avg=1.067e+03
[fac         /bus ]   0s cycles_avg=6.957e+03
[fac         /mem ]   1s cycles_avg=2.271e+03
[fac         /mix ]   0s cycles_avg=2.391e+03
[insertsort  /solo]   1s cycles_avg=4.409e+03
[insertsort  /llc ]   0s cycles_avg=4.742e+03
[insertsort  /bus ]   1s cycles_avg=6.095e+03
[insertsort  /mem ]   0s cycles_avg=4.481e+03
[insertsort  /mix ]   1s cycles_avg=2.098e+04
[matrix1     /solo]   0s cycles_avg=2.077e+04
[matrix1     /llc ]   0s cycles_avg=2.094e+04
[matrix1     /bus ]   0s cycles_avg=2.878e+04
[matrix1     /mem ]   1s cycles_avg=2.144e+04
[matrix1     /mix ]   1s cycles_avg=2.796e+04
DONE_E23 40
