nohup: ignoring input
[1/896 t=0s] solo adpcm_dec base_med=314848.50
[2/896 t=0s] adpcm_dec + TIM_CACHE3 slowdown=1.000x
[3/896 t=1s] adpcm_dec + MTH_CACHE3 slowdown=1.002x
[4/896 t=1s] adpcm_dec + PR_CACHE3 slowdown=1.192x
[5/896 t=2s] adpcm_dec + ALL_CACHE slowdown=1.104x
[6/896 t=2s] adpcm_dec + ALL_BUS slowdown=1.007x
[7/896 t=3s] adpcm_dec + ALL_MEM slowdown=1.010x
[8/896 t=3s] adpcm_dec + ALL_PTR slowdown=1.019x
[9/896 t=3s] adpcm_dec + ALL_PIPE slowdown=1.000x
[10/896 t=4s] adpcm_dec + TLB_TRIPLE slowdown=1.006x
[11/896 t=4s] adpcm_dec + MIX_CACHEBUS slowdown=1.001x
[12/896 t=5s] adpcm_dec + MIX_TLBMEM slowdown=1.015x
[13/896 t=5s] adpcm_dec + MIX_KERNEL slowdown=1.057x
[14/896 t=5s] adpcm_dec + MIX_IO slowdown=1.011x
[15/896 t=6s] adpcm_dec + MIX_HARSH slowdown=1.009x
[16/896 t=6s] adpcm_dec + MIX_BROAD slowdown=1.088x
[17/896 t=6s] solo adpcm_enc base_med=306847.00
[18/896 t=7s] adpcm_enc + TIM_CACHE3 slowdown=1.061x
[19/896 t=7s] adpcm_enc + MTH_CACHE3 slowdown=1.116x
[20/896 t=9s] adpcm_enc + PR_CACHE3 slowdown=1.196x
[21/896 t=9s] adpcm_enc + ALL_CACHE slowdown=1.002x
[22/896 t=9s] adpcm_enc + ALL_BUS slowdown=1.041x
[23/896 t=10s] adpcm_enc + ALL_MEM slowdown=1.007x
[24/896 t=10s] adpcm_enc + ALL_PTR slowdown=1.031x
[25/896 t=11s] adpcm_enc + ALL_PIPE slowdown=1.002x
[26/896 t=11s] adpcm_enc + TLB_TRIPLE slowdown=1.040x
[27/896 t=11s] adpcm_enc + MIX_CACHEBUS slowdown=1.006x
[28/896 t=12s] adpcm_enc + MIX_TLBMEM slowdown=1.032x
[29/896 t=12s] adpcm_enc + MIX_KERNEL slowdown=1.011x
[30/896 t=12s] adpcm_enc + MIX_IO slowdown=1.014x
[31/896 t=13s] adpcm_enc + MIX_HARSH slowdown=1.023x
[32/896 t=13s] adpcm_enc + MIX_BROAD slowdown=1.001x
[33/896 t=16s] solo ammunition base_med=228983704.00
[34/896 t=18s] ammunition + TIM_CACHE3 slowdown=1.003x
[35/896 t=20s] ammunition + MTH_CACHE3 slowdown=1.002x
[36/896 t=23s] ammunition + PR_CACHE3 slowdown=1.007x
[37/896 t=25s] ammunition + ALL_CACHE slowdown=1.004x
[38/896 t=27s] ammunition + ALL_BUS slowdown=1.003x
[39/896 t=29s] ammunition + ALL_MEM slowdown=1.008x
[40/896 t=31s] ammunition + ALL_PTR slowdown=1.002x
[41/896 t=34s] ammunition + ALL_PIPE slowdown=0.999x
[42/896 t=36s] ammunition + TLB_TRIPLE slowdown=1.007x
[43/896 t=38s] ammunition + MIX_CACHEBUS slowdown=1.004x
[44/896 t=41s] ammunition + MIX_TLBMEM slowdown=1.011x
[45/896 t=44s] ammunition + MIX_KERNEL slowdown=1.003x
[46/896 t=46s] ammunition + MIX_IO slowdown=1.001x
[47/896 t=48s] ammunition + MIX_HARSH slowdown=1.003x
[48/896 t=50s] ammunition + MIX_BROAD slowdown=1.006x
[warn] solo anagram failed
[49/896 t=50s] solo anagram base_med=0
[warn] anagram + TIM_CACHE3 failed
[50/896 t=51s] anagram + TIM_CACHE3 slowdown=0x
[warn] anagram + MTH_CACHE3 failed
[51/896 t=51s] anagram + MTH_CACHE3 slowdown=0x
[warn] anagram + PR_CACHE3 failed
[52/896 t=51s] anagram + PR_CACHE3 slowdown=0x
[warn] anagram + ALL_CACHE failed
[53/896 t=52s] anagram + ALL_CACHE slowdown=0x
[warn] anagram + ALL_BUS failed
[54/896 t=52s] anagram + ALL_BUS slowdown=0x
[warn] anagram + ALL_MEM failed
[55/896 t=53s] anagram + ALL_MEM slowdown=0x
[warn] anagram + ALL_PTR failed
[56/896 t=53s] anagram + ALL_PTR slowdown=0x
[warn] anagram + ALL_PIPE failed
[57/896 t=53s] anagram + ALL_PIPE slowdown=0x
[warn] anagram + TLB_TRIPLE failed
[58/896 t=54s] anagram + TLB_TRIPLE slowdown=0x
[warn] anagram + MIX_CACHEBUS failed
[59/896 t=54s] anagram + MIX_CACHEBUS slowdown=0x
[warn] anagram + MIX_TLBMEM failed
[60/896 t=55s] anagram + MIX_TLBMEM slowdown=0x
[warn] anagram + MIX_KERNEL failed
[61/896 t=55s] anagram + MIX_KERNEL slowdown=0x
[warn] anagram + MIX_IO failed
[62/896 t=55s] anagram + MIX_IO slowdown=0x
[warn] anagram + MIX_HARSH failed
[63/896 t=56s] anagram + MIX_HARSH slowdown=0x
[warn] anagram + MIX_BROAD failed
[64/896 t=56s] anagram + MIX_BROAD slowdown=0x
[warn] solo audiobeam failed
[65/896 t=56s] solo audiobeam base_med=0
[warn] audiobeam + TIM_CACHE3 failed
[66/896 t=57s] audiobeam + TIM_CACHE3 slowdown=0x
[warn] audiobeam + MTH_CACHE3 failed
[67/896 t=57s] audiobeam + MTH_CACHE3 slowdown=0x
[warn] audiobeam + PR_CACHE3 failed
[68/896 t=57s] audiobeam + PR_CACHE3 slowdown=0x
[warn] audiobeam + ALL_CACHE failed
[69/896 t=58s] audiobeam + ALL_CACHE slowdown=0x
[warn] audiobeam + ALL_BUS failed
[70/896 t=58s] audiobeam + ALL_BUS slowdown=0x
[warn] audiobeam + ALL_MEM failed
[71/896 t=59s] audiobeam + ALL_MEM slowdown=0x
[warn] audiobeam + ALL_PTR failed
[72/896 t=59s] audiobeam + ALL_PTR slowdown=0x
[warn] audiobeam + ALL_PIPE failed
[73/896 t=59s] audiobeam + ALL_PIPE slowdown=0x
[warn] audiobeam + TLB_TRIPLE failed
[74/896 t=60s] audiobeam + TLB_TRIPLE slowdown=0x
[warn] audiobeam + MIX_CACHEBUS failed
[75/896 t=60s] audiobeam + MIX_CACHEBUS slowdown=0x
[warn] audiobeam + MIX_TLBMEM failed
[76/896 t=61s] audiobeam + MIX_TLBMEM slowdown=0x
[warn] audiobeam + MIX_KERNEL failed
[77/896 t=61s] audiobeam + MIX_KERNEL slowdown=0x
[warn] audiobeam + MIX_IO failed
[78/896 t=61s] audiobeam + MIX_IO slowdown=0x
[warn] audiobeam + MIX_HARSH failed
[79/896 t=62s] audiobeam + MIX_HARSH slowdown=0x
[warn] audiobeam + MIX_BROAD failed
[80/896 t=62s] audiobeam + MIX_BROAD slowdown=0x
[81/896 t=62s] solo binarysearch base_med=1878.50
[82/896 t=63s] binarysearch + TIM_CACHE3 slowdown=0.981x
[83/896 t=63s] binarysearch + MTH_CACHE3 slowdown=0.981x
[84/896 t=64s] binarysearch + PR_CACHE3 slowdown=0.981x
[85/896 t=64s] binarysearch + ALL_CACHE slowdown=0.991x
[86/896 t=64s] binarysearch + ALL_BUS slowdown=0.982x
[87/896 t=65s] binarysearch + ALL_MEM slowdown=1.122x
[88/896 t=66s] binarysearch + ALL_PTR slowdown=0.977x
[89/896 t=66s] binarysearch + ALL_PIPE slowdown=1.003x
[90/896 t=66s] binarysearch + TLB_TRIPLE slowdown=0.995x
[91/896 t=67s] binarysearch + MIX_CACHEBUS slowdown=0.971x
[92/896 t=67s] binarysearch + MIX_TLBMEM slowdown=1.028x
[93/896 t=68s] binarysearch + MIX_KERNEL slowdown=1.001x
[94/896 t=68s] binarysearch + MIX_IO slowdown=0.994x
[95/896 t=69s] binarysearch + MIX_HARSH slowdown=0.985x
[96/896 t=69s] binarysearch + MIX_BROAD slowdown=0.973x
[97/896 t=69s] solo bitcount base_med=30413.00
[98/896 t=70s] bitcount + TIM_CACHE3 slowdown=1.108x
[99/896 t=70s] bitcount + MTH_CACHE3 slowdown=0.993x
[100/896 t=71s] bitcount + PR_CACHE3 slowdown=1.336x
[101/896 t=72s] bitcount + ALL_CACHE slowdown=1.010x
[102/896 t=72s] bitcount + ALL_BUS slowdown=1.023x
[103/896 t=73s] bitcount + ALL_MEM slowdown=1.046x
[104/896 t=73s] bitcount + ALL_PTR slowdown=1.357x
[105/896 t=73s] bitcount + ALL_PIPE slowdown=1.007x
[106/896 t=74s] bitcount + TLB_TRIPLE slowdown=1.007x
[107/896 t=74s] bitcount + MIX_CACHEBUS slowdown=0.997x
[108/896 t=75s] bitcount + MIX_TLBMEM slowdown=1.014x
[109/896 t=75s] bitcount + MIX_KERNEL slowdown=1.179x
[110/896 t=75s] bitcount + MIX_IO slowdown=1.091x
[111/896 t=76s] bitcount + MIX_HARSH slowdown=1.008x
[112/896 t=76s] bitcount + MIX_BROAD slowdown=1.012x
[113/896 t=76s] solo bitonic base_med=21799.50
[114/896 t=76s] bitonic + TIM_CACHE3 slowdown=1.021x
[115/896 t=77s] bitonic + MTH_CACHE3 slowdown=1.024x
[116/896 t=77s] bitonic + PR_CACHE3 slowdown=0.999x
[117/896 t=78s] bitonic + ALL_CACHE slowdown=1.006x
[118/896 t=78s] bitonic + ALL_BUS slowdown=1.014x
[119/896 t=79s] bitonic + ALL_MEM slowdown=1.039x
[120/896 t=79s] bitonic + ALL_PTR slowdown=1.078x
[121/896 t=79s] bitonic + ALL_PIPE slowdown=1.002x
[122/896 t=79s] bitonic + TLB_TRIPLE slowdown=1.002x
[123/896 t=80s] bitonic + MIX_CACHEBUS slowdown=1.018x
[124/896 t=80s] bitonic + MIX_TLBMEM slowdown=1.004x
[125/896 t=81s] bitonic + MIX_KERNEL slowdown=1.122x
[126/896 t=81s] bitonic + MIX_IO slowdown=1.008x
[127/896 t=81s] bitonic + MIX_HARSH slowdown=1.001x
[128/896 t=82s] bitonic + MIX_BROAD slowdown=1.000x
[129/896 t=82s] solo bsort base_med=357831.00
[130/896 t=82s] bsort + TIM_CACHE3 slowdown=1.004x
[131/896 t=83s] bsort + MTH_CACHE3 slowdown=1.009x
[132/896 t=83s] bsort + PR_CACHE3 slowdown=0.995x
[133/896 t=83s] bsort + ALL_CACHE slowdown=1.016x
[134/896 t=84s] bsort + ALL_BUS slowdown=1.000x
[135/896 t=84s] bsort + ALL_MEM slowdown=1.007x
[136/896 t=85s] bsort + ALL_PTR slowdown=1.002x
[137/896 t=85s] bsort + ALL_PIPE slowdown=1.000x
[138/896 t=85s] bsort + TLB_TRIPLE slowdown=1.006x
[139/896 t=86s] bsort + MIX_CACHEBUS slowdown=1.000x
[140/896 t=86s] bsort + MIX_TLBMEM slowdown=1.001x
[141/896 t=87s] bsort + MIX_KERNEL slowdown=1.009x
[142/896 t=87s] bsort + MIX_IO slowdown=1.000x
[143/896 t=87s] bsort + MIX_HARSH slowdown=1.000x
[144/896 t=88s] bsort + MIX_BROAD slowdown=1.008x
[145/896 t=88s] solo cjpeg_transupp base_med=7199379.50
[146/896 t=88s] cjpeg_transupp + TIM_CACHE3 slowdown=1.004x
[147/896 t=89s] cjpeg_transupp + MTH_CACHE3 slowdown=1.001x
[148/896 t=89s] cjpeg_transupp + PR_CACHE3 slowdown=1.010x
[149/896 t=90s] cjpeg_transupp + ALL_CACHE slowdown=1.004x
[150/896 t=90s] cjpeg_transupp + ALL_BUS slowdown=1.004x
[151/896 t=91s] cjpeg_transupp + ALL_MEM slowdown=1.023x
[152/896 t=91s] cjpeg_transupp + ALL_PTR slowdown=0.999x
[153/896 t=92s] cjpeg_transupp + ALL_PIPE slowdown=0.994x
[154/896 t=92s] cjpeg_transupp + TLB_TRIPLE slowdown=1.009x
[155/896 t=92s] cjpeg_transupp + MIX_CACHEBUS slowdown=1.007x
[156/896 t=93s] cjpeg_transupp + MIX_TLBMEM slowdown=1.020x
[157/896 t=93s] cjpeg_transupp + MIX_KERNEL slowdown=1.001x
[158/896 t=94s] cjpeg_transupp + MIX_IO slowdown=1.002x
[159/896 t=94s] cjpeg_transupp + MIX_HARSH slowdown=1.004x
[160/896 t=95s] cjpeg_transupp + MIX_BROAD slowdown=1.007x
[161/896 t=95s] solo cjpeg_wrbmp base_med=267104.00
[162/896 t=95s] cjpeg_wrbmp + TIM_CACHE3 slowdown=1.004x
[163/896 t=95s] cjpeg_wrbmp + MTH_CACHE3 slowdown=1.003x
[164/896 t=96s] cjpeg_wrbmp + PR_CACHE3 slowdown=1.065x
[165/896 t=96s] cjpeg_wrbmp + ALL_CACHE slowdown=1.005x
[166/896 t=97s] cjpeg_wrbmp + ALL_BUS slowdown=1.007x
[167/896 t=97s] cjpeg_wrbmp + ALL_MEM slowdown=1.010x
[168/896 t=97s] cjpeg_wrbmp + ALL_PTR slowdown=1.009x
[169/896 t=98s] cjpeg_wrbmp + ALL_PIPE slowdown=1.002x
[170/896 t=98s] cjpeg_wrbmp + TLB_TRIPLE slowdown=1.027x
[171/896 t=98s] cjpeg_wrbmp + MIX_CACHEBUS slowdown=1.005x
[172/896 t=99s] cjpeg_wrbmp + MIX_TLBMEM slowdown=1.026x
[173/896 t=99s] cjpeg_wrbmp + MIX_KERNEL slowdown=1.032x
[174/896 t=99s] cjpeg_wrbmp + MIX_IO slowdown=1.042x
[175/896 t=100s] cjpeg_wrbmp + MIX_HARSH slowdown=1.037x
[176/896 t=100s] cjpeg_wrbmp + MIX_BROAD slowdown=1.005x
[177/896 t=100s] solo complex_updates base_med=3635.50
[178/896 t=101s] complex_updates + TIM_CACHE3 slowdown=0.990x
[179/896 t=101s] complex_updates + MTH_CACHE3 slowdown=1.424x
[180/896 t=101s] complex_updates + PR_CACHE3 slowdown=3.384x
[181/896 t=102s] complex_updates + ALL_CACHE slowdown=0.994x
[182/896 t=102s] complex_updates + ALL_BUS slowdown=1.010x
[183/896 t=103s] complex_updates + ALL_MEM slowdown=0.987x
[184/896 t=103s] complex_updates + ALL_PTR slowdown=1.466x
[185/896 t=103s] complex_updates + ALL_PIPE slowdown=1.012x
[186/896 t=104s] complex_updates + TLB_TRIPLE slowdown=1.827x
[187/896 t=104s] complex_updates + MIX_CACHEBUS slowdown=1.209x
[188/896 t=105s] complex_updates + MIX_TLBMEM slowdown=0.991x
[189/896 t=105s] complex_updates + MIX_KERNEL slowdown=0.975x
[190/896 t=105s] complex_updates + MIX_IO slowdown=1.535x
[191/896 t=106s] complex_updates + MIX_HARSH slowdown=1.004x
[192/896 t=106s] complex_updates + MIX_BROAD slowdown=2.227x
[193/896 t=106s] solo cosf base_med=31017.50
[194/896 t=106s] cosf + TIM_CACHE3 slowdown=1.009x
[195/896 t=107s] cosf + MTH_CACHE3 slowdown=1.138x
[196/896 t=107s] cosf + PR_CACHE3 slowdown=1.696x
[197/896 t=108s] cosf + ALL_CACHE slowdown=1.005x
[198/896 t=108s] cosf + ALL_BUS slowdown=1.004x
[199/896 t=108s] cosf + ALL_MEM slowdown=1.028x
[200/896 t=109s] cosf + ALL_PTR slowdown=1.121x
[201/896 t=109s] cosf + ALL_PIPE slowdown=1.003x
[202/896 t=109s] cosf + TLB_TRIPLE slowdown=1.070x
[203/896 t=110s] cosf + MIX_CACHEBUS slowdown=1.002x
[204/896 t=110s] cosf + MIX_TLBMEM slowdown=1.014x
[205/896 t=111s] cosf + MIX_KERNEL slowdown=1.140x
[206/896 t=111s] cosf + MIX_IO slowdown=1.116x
[207/896 t=111s] cosf + MIX_HARSH slowdown=1.007x
[208/896 t=112s] cosf + MIX_BROAD slowdown=1.012x
[209/896 t=112s] solo countnegative base_med=34012.00
[210/896 t=112s] countnegative + TIM_CACHE3 slowdown=1.026x
[211/896 t=113s] countnegative + MTH_CACHE3 slowdown=0.997x
[212/896 t=113s] countnegative + PR_CACHE3 slowdown=1.024x
[213/896 t=114s] countnegative + ALL_CACHE slowdown=1.296x
[214/896 t=114s] countnegative + ALL_BUS slowdown=0.996x
[215/896 t=115s] countnegative + ALL_MEM slowdown=1.037x
[216/896 t=115s] countnegative + ALL_PTR slowdown=1.055x
[217/896 t=115s] countnegative + ALL_PIPE slowdown=0.999x
[218/896 t=115s] countnegative + TLB_TRIPLE slowdown=1.020x
[219/896 t=116s] countnegative + MIX_CACHEBUS slowdown=1.012x
[220/896 t=116s] countnegative + MIX_TLBMEM slowdown=1.090x
[221/896 t=117s] countnegative + MIX_KERNEL slowdown=0.995x
[222/896 t=117s] countnegative + MIX_IO slowdown=1.024x
[223/896 t=117s] countnegative + MIX_HARSH slowdown=1.004x
[224/896 t=118s] countnegative + MIX_BROAD slowdown=1.002x
[225/896 t=118s] solo cover base_med=6571.50
[226/896 t=118s] cover + TIM_CACHE3 slowdown=1.171x
[227/896 t=119s] cover + MTH_CACHE3 slowdown=2.602x
[228/896 t=119s] cover + PR_CACHE3 slowdown=0.976x
[229/896 t=119s] cover + ALL_CACHE slowdown=0.933x
[230/896 t=120s] cover + ALL_BUS slowdown=1.081x
[231/896 t=120s] cover + ALL_MEM slowdown=0.926x
[232/896 t=121s] cover + ALL_PTR slowdown=0.938x
[233/896 t=121s] cover + ALL_PIPE slowdown=0.941x
[234/896 t=121s] cover + TLB_TRIPLE slowdown=1.072x
[235/896 t=122s] cover + MIX_CACHEBUS slowdown=0.996x
[236/896 t=122s] cover + MIX_TLBMEM slowdown=1.532x
[237/896 t=122s] cover + MIX_KERNEL slowdown=3.129x
[238/896 t=123s] cover + MIX_IO slowdown=0.925x
[239/896 t=123s] cover + MIX_HARSH slowdown=1.005x
[240/896 t=123s] cover + MIX_BROAD slowdown=1.025x
[241/896 t=124s] solo cubic base_med=2121960.00
[242/896 t=124s] cubic + TIM_CACHE3 slowdown=1.024x
[243/896 t=125s] cubic + MTH_CACHE3 slowdown=1.020x
[244/896 t=125s] cubic + PR_CACHE3 slowdown=1.041x
[245/896 t=125s] cubic + ALL_CACHE slowdown=1.033x
[246/896 t=126s] cubic + ALL_BUS slowdown=1.017x
[247/896 t=126s] cubic + ALL_MEM slowdown=1.014x
[248/896 t=127s] cubic + ALL_PTR slowdown=1.005x
[249/896 t=127s] cubic + ALL_PIPE slowdown=1.011x
[250/896 t=127s] cubic + TLB_TRIPLE slowdown=1.023x
[251/896 t=128s] cubic + MIX_CACHEBUS slowdown=1.029x
[252/896 t=128s] cubic + MIX_TLBMEM slowdown=1.070x
[253/896 t=129s] cubic + MIX_KERNEL slowdown=1.027x
[254/896 t=129s] cubic + MIX_IO slowdown=1.015x
[255/896 t=129s] cubic + MIX_HARSH slowdown=1.018x
[256/896 t=130s] cubic + MIX_BROAD slowdown=1.026x
[257/896 t=130s] solo deg2rad base_med=17177.50
[258/896 t=130s] deg2rad + TIM_CACHE3 slowdown=1.012x
[259/896 t=131s] deg2rad + MTH_CACHE3 slowdown=1.011x
[260/896 t=131s] deg2rad + PR_CACHE3 slowdown=1.001x
[261/896 t=132s] deg2rad + ALL_CACHE slowdown=1.000x
[262/896 t=132s] deg2rad + ALL_BUS slowdown=1.000x
[263/896 t=133s] deg2rad + ALL_MEM slowdown=1.042x
[264/896 t=133s] deg2rad + ALL_PTR slowdown=1.053x
[265/896 t=133s] deg2rad + ALL_PIPE slowdown=1.002x
[266/896 t=134s] deg2rad + TLB_TRIPLE slowdown=1.012x
[267/896 t=135s] deg2rad + MIX_CACHEBUS slowdown=1.000x
[268/896 t=135s] deg2rad + MIX_TLBMEM slowdown=1.001x
[269/896 t=136s] deg2rad + MIX_KERNEL slowdown=1.000x
[270/896 t=136s] deg2rad + MIX_IO slowdown=1.054x
[271/896 t=136s] deg2rad + MIX_HARSH slowdown=1.005x
[272/896 t=137s] deg2rad + MIX_BROAD slowdown=1.065x
[273/896 t=138s] solo dijkstra base_med=108466866.00
[274/896 t=139s] dijkstra + TIM_CACHE3 slowdown=1.003x
[275/896 t=141s] dijkstra + MTH_CACHE3 slowdown=1.003x
[276/896 t=142s] dijkstra + PR_CACHE3 slowdown=1.009x
[277/896 t=143s] dijkstra + ALL_CACHE slowdown=1.005x
[278/896 t=144s] dijkstra + ALL_BUS slowdown=1.006x
[279/896 t=146s] dijkstra + ALL_MEM slowdown=1.024x
[280/896 t=147s] dijkstra + ALL_PTR slowdown=1.005x
[281/896 t=148s] dijkstra + ALL_PIPE slowdown=0.998x
[282/896 t=150s] dijkstra + TLB_TRIPLE slowdown=1.017x
[283/896 t=151s] dijkstra + MIX_CACHEBUS slowdown=1.008x
[284/896 t=152s] dijkstra + MIX_TLBMEM slowdown=1.028x
[285/896 t=154s] dijkstra + MIX_KERNEL slowdown=1.006x
[286/896 t=155s] dijkstra + MIX_IO slowdown=1.001x
[287/896 t=156s] dijkstra + MIX_HARSH slowdown=1.005x
[288/896 t=157s] dijkstra + MIX_BROAD slowdown=1.013x
[289/896 t=157s] solo duff base_med=4844.00
[290/896 t=158s] duff + TIM_CACHE3 slowdown=1.039x
[291/896 t=158s] duff + MTH_CACHE3 slowdown=1.009x
[292/896 t=159s] duff + PR_CACHE3 slowdown=1.003x
[293/896 t=159s] duff + ALL_CACHE slowdown=0.971x
[294/896 t=159s] duff + ALL_BUS slowdown=0.991x
[295/896 t=160s] duff + ALL_MEM slowdown=1.108x
[296/896 t=160s] duff + ALL_PTR slowdown=1.194x
[297/896 t=161s] duff + ALL_PIPE slowdown=1.013x
[298/896 t=161s] duff + TLB_TRIPLE slowdown=0.995x
[299/896 t=161s] duff + MIX_CACHEBUS slowdown=1.888x
[300/896 t=162s] duff + MIX_TLBMEM slowdown=1.059x
[301/896 t=162s] duff + MIX_KERNEL slowdown=1.660x
[302/896 t=163s] duff + MIX_IO slowdown=0.985x
[303/896 t=163s] duff + MIX_HARSH slowdown=1.078x
[304/896 t=163s] duff + MIX_BROAD slowdown=0.976x
[305/896 t=164s] solo epic base_med=5534389.00
[306/896 t=164s] epic + TIM_CACHE3 slowdown=1.012x
[307/896 t=164s] epic + MTH_CACHE3 slowdown=1.010x
[308/896 t=165s] epic + PR_CACHE3 slowdown=1.025x
[309/896 t=165s] epic + ALL_CACHE slowdown=1.015x
[310/896 t=166s] epic + ALL_BUS slowdown=1.017x
[311/896 t=166s] epic + ALL_MEM slowdown=1.029x
[312/896 t=167s] epic + ALL_PTR slowdown=1.011x
[313/896 t=167s] epic + ALL_PIPE slowdown=0.997x
[314/896 t=168s] epic + TLB_TRIPLE slowdown=1.028x
[315/896 t=168s] epic + MIX_CACHEBUS slowdown=1.028x
[316/896 t=169s] epic + MIX_TLBMEM slowdown=1.033x
[317/896 t=169s] epic + MIX_KERNEL slowdown=1.016x
[318/896 t=170s] epic + MIX_IO slowdown=1.011x
[319/896 t=170s] epic + MIX_HARSH slowdown=1.012x
[320/896 t=171s] epic + MIX_BROAD slowdown=1.018x
[321/896 t=171s] solo fac base_med=743.00
[322/896 t=172s] fac + TIM_CACHE3 slowdown=1.044x
[323/896 t=172s] fac + MTH_CACHE3 slowdown=1.009x
[324/896 t=173s] fac + PR_CACHE3 slowdown=1.092x
[325/896 t=173s] fac + ALL_CACHE slowdown=1.020x
[326/896 t=173s] fac + ALL_BUS slowdown=1.116x
[327/896 t=174s] fac + ALL_MEM slowdown=1.515x
[328/896 t=174s] fac + ALL_PTR slowdown=1.032x
[329/896 t=175s] fac + ALL_PIPE slowdown=1.013x
[330/896 t=175s] fac + TLB_TRIPLE slowdown=1.129x
[331/896 t=176s] fac + MIX_CACHEBUS slowdown=1.168x
[332/896 t=176s] fac + MIX_TLBMEM slowdown=1.585x
[333/896 t=177s] fac + MIX_KERNEL slowdown=0.976x
[334/896 t=177s] fac + MIX_IO slowdown=1.030x
[335/896 t=178s] fac + MIX_HARSH slowdown=0.999x
[336/896 t=178s] fac + MIX_BROAD slowdown=1.812x
[337/896 t=178s] solo fft base_med=975194.50
[338/896 t=179s] fft + TIM_CACHE3 slowdown=1.001x
[339/896 t=179s] fft + MTH_CACHE3 slowdown=1.014x
[340/896 t=180s] fft + PR_CACHE3 slowdown=1.041x
[341/896 t=180s] fft + ALL_CACHE slowdown=1.016x
[342/896 t=181s] fft + ALL_BUS slowdown=1.009x
[343/896 t=181s] fft + ALL_MEM slowdown=1.013x
[344/896 t=182s] fft + ALL_PTR slowdown=1.013x
[345/896 t=182s] fft + ALL_PIPE slowdown=1.004x
[346/896 t=183s] fft + TLB_TRIPLE slowdown=1.024x
[347/896 t=183s] fft + MIX_CACHEBUS slowdown=1.010x
[348/896 t=184s] fft + MIX_TLBMEM slowdown=1.043x
[349/896 t=184s] fft + MIX_KERNEL slowdown=1.008x
[350/896 t=185s] fft + MIX_IO slowdown=1.012x
[351/896 t=185s] fft + MIX_HARSH slowdown=1.024x
[352/896 t=186s] fft + MIX_BROAD slowdown=1.062x
[353/896 t=186s] solo filterbank base_med=15628005.00
[354/896 t=187s] filterbank + TIM_CACHE3 slowdown=1.000x
[355/896 t=187s] filterbank + MTH_CACHE3 slowdown=0.999x
[356/896 t=188s] filterbank + PR_CACHE3 slowdown=1.001x
[357/896 t=188s] filterbank + ALL_CACHE slowdown=1.001x
[358/896 t=189s] filterbank + ALL_BUS slowdown=1.000x
[359/896 t=189s] filterbank + ALL_MEM slowdown=1.004x
[360/896 t=190s] filterbank + ALL_PTR slowdown=1.001x
[361/896 t=190s] filterbank + ALL_PIPE slowdown=0.998x
[362/896 t=191s] filterbank + TLB_TRIPLE slowdown=1.005x
[363/896 t=191s] filterbank + MIX_CACHEBUS slowdown=1.002x
[364/896 t=192s] filterbank + MIX_TLBMEM slowdown=1.005x
[365/896 t=193s] filterbank + MIX_KERNEL slowdown=1.002x
[366/896 t=193s] filterbank + MIX_IO slowdown=0.999x
[367/896 t=193s] filterbank + MIX_HARSH slowdown=1.000x
[368/896 t=194s] filterbank + MIX_BROAD slowdown=1.005x
[369/896 t=194s] solo fir2dim base_med=13019.00
[370/896 t=195s] fir2dim + TIM_CACHE3 slowdown=1.064x
[371/896 t=195s] fir2dim + MTH_CACHE3 slowdown=1.004x
[372/896 t=195s] fir2dim + PR_CACHE3 slowdown=0.999x
[373/896 t=196s] fir2dim + ALL_CACHE slowdown=1.002x
[374/896 t=196s] fir2dim + ALL_BUS slowdown=1.035x
[375/896 t=197s] fir2dim + ALL_MEM slowdown=1.160x
[376/896 t=198s] fir2dim + ALL_PTR slowdown=1.338x
[377/896 t=198s] fir2dim + ALL_PIPE slowdown=1.016x
[378/896 t=198s] fir2dim + TLB_TRIPLE slowdown=1.041x
[379/896 t=199s] fir2dim + MIX_CACHEBUS slowdown=1.018x
[380/896 t=199s] fir2dim + MIX_TLBMEM slowdown=1.004x
[381/896 t=200s] fir2dim + MIX_KERNEL slowdown=0.998x
[382/896 t=200s] fir2dim + MIX_IO slowdown=1.006x
[383/896 t=200s] fir2dim + MIX_HARSH slowdown=1.001x
[384/896 t=201s] fir2dim + MIX_BROAD slowdown=1.000x
[385/896 t=201s] solo fmref base_med=654089.00
[386/896 t=201s] fmref + TIM_CACHE3 slowdown=1.030x
[387/896 t=202s] fmref + MTH_CACHE3 slowdown=1.010x
[388/896 t=202s] fmref + PR_CACHE3 slowdown=1.015x
[389/896 t=202s] fmref + ALL_CACHE slowdown=1.066x
[390/896 t=203s] fmref + ALL_BUS slowdown=1.022x
[391/896 t=203s] fmref + ALL_MEM slowdown=1.015x
[392/896 t=204s] fmref + ALL_PTR slowdown=1.013x
[393/896 t=204s] fmref + ALL_PIPE slowdown=1.001x
[394/896 t=204s] fmref + TLB_TRIPLE slowdown=1.037x
[395/896 t=205s] fmref + MIX_CACHEBUS slowdown=1.028x
[396/896 t=205s] fmref + MIX_TLBMEM slowdown=1.033x
[397/896 t=206s] fmref + MIX_KERNEL slowdown=1.039x
[398/896 t=206s] fmref + MIX_IO slowdown=1.020x
[399/896 t=206s] fmref + MIX_HARSH slowdown=1.038x
[400/896 t=207s] fmref + MIX_BROAD slowdown=1.015x
[401/896 t=207s] solo g723_enc base_med=1029657.00
[402/896 t=207s] g723_enc + TIM_CACHE3 slowdown=1.027x
[403/896 t=208s] g723_enc + MTH_CACHE3 slowdown=1.024x
[404/896 t=208s] g723_enc + PR_CACHE3 slowdown=1.036x
[405/896 t=208s] g723_enc + ALL_CACHE slowdown=1.032x
[406/896 t=209s] g723_enc + ALL_BUS slowdown=1.028x
[407/896 t=209s] g723_enc + ALL_MEM slowdown=1.098x
[408/896 t=210s] g723_enc + ALL_PTR slowdown=1.007x
[409/896 t=210s] g723_enc + ALL_PIPE slowdown=1.001x
[410/896 t=210s] g723_enc + TLB_TRIPLE slowdown=1.028x
[411/896 t=211s] g723_enc + MIX_CACHEBUS slowdown=1.044x
[412/896 t=211s] g723_enc + MIX_TLBMEM slowdown=1.028x
[413/896 t=212s] g723_enc + MIX_KERNEL slowdown=1.022x
[414/896 t=212s] g723_enc + MIX_IO slowdown=1.017x
[415/896 t=213s] g723_enc + MIX_HARSH slowdown=1.023x
[416/896 t=213s] g723_enc + MIX_BROAD slowdown=1.047x
[417/896 t=213s] solo gsm_dec base_med=3738853.00
[418/896 t=214s] gsm_dec + TIM_CACHE3 slowdown=1.021x
[419/896 t=214s] gsm_dec + MTH_CACHE3 slowdown=1.014x
[420/896 t=214s] gsm_dec + PR_CACHE3 slowdown=1.048x
[421/896 t=215s] gsm_dec + ALL_CACHE slowdown=1.023x
[422/896 t=215s] gsm_dec + ALL_BUS slowdown=1.022x
[423/896 t=216s] gsm_dec + ALL_MEM slowdown=1.088x
[424/896 t=216s] gsm_dec + ALL_PTR slowdown=1.004x
[425/896 t=217s] gsm_dec + ALL_PIPE slowdown=0.999x
[426/896 t=217s] gsm_dec + TLB_TRIPLE slowdown=1.022x
[427/896 t=218s] gsm_dec + MIX_CACHEBUS slowdown=1.041x
[428/896 t=218s] gsm_dec + MIX_TLBMEM slowdown=1.067x
[429/896 t=219s] gsm_dec + MIX_KERNEL slowdown=1.016x
[430/896 t=219s] gsm_dec + MIX_IO slowdown=1.015x
[431/896 t=219s] gsm_dec + MIX_HARSH slowdown=1.022x
[432/896 t=220s] gsm_dec + MIX_BROAD slowdown=1.028x
[433/896 t=220s] solo gsm_enc base_med=11890101.00
[434/896 t=221s] gsm_enc + TIM_CACHE3 slowdown=1.006x
[435/896 t=221s] gsm_enc + MTH_CACHE3 slowdown=1.006x
[436/896 t=222s] gsm_enc + PR_CACHE3 slowdown=1.034x
[437/896 t=222s] gsm_enc + ALL_CACHE slowdown=1.021x
[438/896 t=223s] gsm_enc + ALL_BUS slowdown=1.025x
[439/896 t=223s] gsm_enc + ALL_MEM slowdown=1.040x
[440/896 t=224s] gsm_enc + ALL_PTR slowdown=1.008x
[441/896 t=224s] gsm_enc + ALL_PIPE slowdown=0.985x
[442/896 t=225s] gsm_enc + TLB_TRIPLE slowdown=1.010x
[443/896 t=225s] gsm_enc + MIX_CACHEBUS slowdown=1.021x
[444/896 t=226s] gsm_enc + MIX_TLBMEM slowdown=1.069x
[445/896 t=226s] gsm_enc + MIX_KERNEL slowdown=1.002x
[446/896 t=227s] gsm_enc + MIX_IO slowdown=1.004x
[447/896 t=227s] gsm_enc + MIX_HARSH slowdown=1.007x
[448/896 t=228s] gsm_enc + MIX_BROAD slowdown=1.016x
[449/896 t=228s] solo h264_dec base_med=522308.50
[450/896 t=228s] h264_dec + TIM_CACHE3 slowdown=1.011x
[451/896 t=229s] h264_dec + MTH_CACHE3 slowdown=1.031x
[452/896 t=229s] h264_dec + PR_CACHE3 slowdown=1.075x
[453/896 t=229s] h264_dec + ALL_CACHE slowdown=1.007x
[454/896 t=230s] h264_dec + ALL_BUS slowdown=1.016x
[455/896 t=230s] h264_dec + ALL_MEM slowdown=1.038x
[456/896 t=231s] h264_dec + ALL_PTR slowdown=1.019x
[457/896 t=231s] h264_dec + ALL_PIPE slowdown=1.005x
[458/896 t=231s] h264_dec + TLB_TRIPLE slowdown=1.090x
[459/896 t=231s] h264_dec + MIX_CACHEBUS slowdown=1.026x
[460/896 t=232s] h264_dec + MIX_TLBMEM slowdown=1.018x
[461/896 t=232s] h264_dec + MIX_KERNEL slowdown=1.046x
[462/896 t=233s] h264_dec + MIX_IO slowdown=1.014x
[463/896 t=233s] h264_dec + MIX_HARSH slowdown=1.008x
[464/896 t=233s] h264_dec + MIX_BROAD slowdown=1.028x
[465/896 t=234s] solo huff_enc base_med=1482707.00
[466/896 t=234s] huff_enc + TIM_CACHE3 slowdown=1.017x
[467/896 t=234s] huff_enc + MTH_CACHE3 slowdown=1.013x
[468/896 t=235s] huff_enc + PR_CACHE3 slowdown=1.038x
[469/896 t=235s] huff_enc + ALL_CACHE slowdown=1.037x
[470/896 t=236s] huff_enc + ALL_BUS slowdown=1.023x
[471/896 t=236s] huff_enc + ALL_MEM slowdown=1.020x
[472/896 t=237s] huff_enc + ALL_PTR slowdown=1.014x
[473/896 t=237s] huff_enc + ALL_PIPE slowdown=1.002x
[474/896 t=237s] huff_enc + TLB_TRIPLE slowdown=1.025x
[475/896 t=238s] huff_enc + MIX_CACHEBUS slowdown=1.016x
[476/896 t=238s] huff_enc + MIX_TLBMEM slowdown=1.026x
[477/896 t=239s] huff_enc + MIX_KERNEL slowdown=1.016x
[478/896 t=239s] huff_enc + MIX_IO slowdown=1.011x
[479/896 t=239s] huff_enc + MIX_HARSH slowdown=1.014x
[480/896 t=240s] huff_enc + MIX_BROAD slowdown=1.026x
[481/896 t=240s] solo iir base_med=3514.50
[482/896 t=240s] iir + TIM_CACHE3 slowdown=1.025x
[483/896 t=241s] iir + MTH_CACHE3 slowdown=1.041x
[484/896 t=241s] iir + PR_CACHE3 slowdown=1.004x
[485/896 t=241s] iir + ALL_CACHE slowdown=1.051x
[486/896 t=242s] iir + ALL_BUS slowdown=1.168x
[487/896 t=242s] iir + ALL_MEM slowdown=1.036x
[488/896 t=243s] iir + ALL_PTR slowdown=1.257x
[489/896 t=243s] iir + ALL_PIPE slowdown=1.000x
[490/896 t=243s] iir + TLB_TRIPLE slowdown=1.104x
[491/896 t=244s] iir + MIX_CACHEBUS slowdown=1.113x
[492/896 t=244s] iir + MIX_TLBMEM slowdown=1.139x
[493/896 t=245s] iir + MIX_KERNEL slowdown=1.830x
[494/896 t=245s] iir + MIX_IO slowdown=1.272x
[495/896 t=245s] iir + MIX_HARSH slowdown=1.032x
[496/896 t=246s] iir + MIX_BROAD slowdown=1.016x
[497/896 t=246s] solo insertsort base_med=4194.00
[498/896 t=246s] insertsort + TIM_CACHE3 slowdown=1.011x
[499/896 t=247s] insertsort + MTH_CACHE3 slowdown=1.008x
[500/896 t=247s] insertsort + PR_CACHE3 slowdown=1.090x
[501/896 t=248s] insertsort + ALL_CACHE slowdown=1.070x
[502/896 t=248s] insertsort + ALL_BUS slowdown=1.077x
[503/896 t=249s] insertsort + ALL_MEM slowdown=1.285x
[504/896 t=249s] insertsort + ALL_PTR slowdown=1.457x
[505/896 t=249s] insertsort + ALL_PIPE slowdown=0.995x
[506/896 t=250s] insertsort + TLB_TRIPLE slowdown=1.026x
[507/896 t=250s] insertsort + MIX_CACHEBUS slowdown=1.022x
[508/896 t=251s] insertsort + MIX_TLBMEM slowdown=1.094x
[509/896 t=251s] insertsort + MIX_KERNEL slowdown=1.007x
[510/896 t=251s] insertsort + MIX_IO slowdown=0.996x
[511/896 t=252s] insertsort + MIX_HARSH slowdown=0.995x
[512/896 t=252s] insertsort + MIX_BROAD slowdown=1.279x
[513/896 t=252s] solo isqrt base_med=1433999.50
[514/896 t=253s] isqrt + TIM_CACHE3 slowdown=1.005x
[515/896 t=253s] isqrt + MTH_CACHE3 slowdown=1.002x
[516/896 t=253s] isqrt + PR_CACHE3 slowdown=1.007x
[517/896 t=254s] isqrt + ALL_CACHE slowdown=1.003x
[518/896 t=254s] isqrt + ALL_BUS slowdown=1.003x
[519/896 t=255s] isqrt + ALL_MEM slowdown=1.001x
[520/896 t=255s] isqrt + ALL_PTR slowdown=1.002x
[521/896 t=255s] isqrt + ALL_PIPE slowdown=1.000x
[522/896 t=256s] isqrt + TLB_TRIPLE slowdown=1.010x
[523/896 t=256s] isqrt + MIX_CACHEBUS slowdown=1.004x
[524/896 t=257s] isqrt + MIX_TLBMEM slowdown=1.004x
[525/896 t=257s] isqrt + MIX_KERNEL slowdown=1.003x
[526/896 t=257s] isqrt + MIX_IO slowdown=1.001x
[527/896 t=258s] isqrt + MIX_HARSH slowdown=1.002x
[528/896 t=258s] isqrt + MIX_BROAD slowdown=1.005x
[529/896 t=258s] solo jfdctint base_med=8509.00
[530/896 t=259s] jfdctint + TIM_CACHE3 slowdown=1.030x
[531/896 t=259s] jfdctint + MTH_CACHE3 slowdown=1.674x
[532/896 t=260s] jfdctint + PR_CACHE3 slowdown=1.086x
[533/896 t=261s] jfdctint + ALL_CACHE slowdown=0.999x
[534/896 t=261s] jfdctint + ALL_BUS slowdown=1.006x
[535/896 t=262s] jfdctint + ALL_MEM slowdown=1.081x
[536/896 t=262s] jfdctint + ALL_PTR slowdown=1.004x
[537/896 t=262s] jfdctint + ALL_PIPE slowdown=1.028x
[538/896 t=263s] jfdctint + TLB_TRIPLE slowdown=1.006x
[539/896 t=263s] jfdctint + MIX_CACHEBUS slowdown=1.015x
[540/896 t=263s] jfdctint + MIX_TLBMEM slowdown=1.009x
[541/896 t=264s] jfdctint + MIX_KERNEL slowdown=1.664x
[542/896 t=264s] jfdctint + MIX_IO slowdown=1.338x
[543/896 t=264s] jfdctint + MIX_HARSH slowdown=1.046x
[544/896 t=265s] jfdctint + MIX_BROAD slowdown=1.205x
[545/896 t=265s] solo lift base_med=1405028.50
[546/896 t=265s] lift + TIM_CACHE3 slowdown=1.006x
[547/896 t=266s] lift + MTH_CACHE3 slowdown=1.001x
[548/896 t=266s] lift + PR_CACHE3 slowdown=1.022x
[549/896 t=267s] lift + ALL_CACHE slowdown=1.009x
[550/896 t=267s] lift + ALL_BUS slowdown=0.998x
[551/896 t=268s] lift + ALL_MEM slowdown=1.010x
[552/896 t=268s] lift + ALL_PTR slowdown=1.005x
[553/896 t=268s] lift + ALL_PIPE slowdown=0.993x
[554/896 t=269s] lift + TLB_TRIPLE slowdown=1.011x
[555/896 t=269s] lift + MIX_CACHEBUS slowdown=1.014x
[556/896 t=270s] lift + MIX_TLBMEM slowdown=1.000x
[557/896 t=270s] lift + MIX_KERNEL slowdown=1.005x
[558/896 t=270s] lift + MIX_IO slowdown=0.998x
[559/896 t=271s] lift + MIX_HARSH slowdown=1.003x
[560/896 t=271s] lift + MIX_BROAD slowdown=1.019x
[561/896 t=271s] solo lms base_med=460520.00
[562/896 t=272s] lms + TIM_CACHE3 slowdown=1.005x
[563/896 t=272s] lms + MTH_CACHE3 slowdown=1.004x
[564/896 t=272s] lms + PR_CACHE3 slowdown=1.058x
[565/896 t=273s] lms + ALL_CACHE slowdown=1.024x
[566/896 t=273s] lms + ALL_BUS slowdown=1.003x
[567/896 t=274s] lms + ALL_MEM slowdown=1.003x
[568/896 t=274s] lms + ALL_PTR slowdown=1.015x
[569/896 t=274s] lms + ALL_PIPE slowdown=1.001x
[570/896 t=275s] lms + TLB_TRIPLE slowdown=1.020x
[571/896 t=275s] lms + MIX_CACHEBUS slowdown=1.024x
[572/896 t=275s] lms + MIX_TLBMEM slowdown=1.011x
[573/896 t=276s] lms + MIX_KERNEL slowdown=1.017x
[574/896 t=276s] lms + MIX_IO slowdown=1.012x
[575/896 t=276s] lms + MIX_HARSH slowdown=1.005x
[576/896 t=277s] lms + MIX_BROAD slowdown=1.030x
[577/896 t=277s] solo ludcmp base_med=10817.50
[578/896 t=277s] ludcmp + TIM_CACHE3 slowdown=1.029x
[579/896 t=278s] ludcmp + MTH_CACHE3 slowdown=0.997x
[580/896 t=278s] ludcmp + PR_CACHE3 slowdown=3.475x
[581/896 t=279s] ludcmp + ALL_CACHE slowdown=1.000x
[582/896 t=279s] ludcmp + ALL_BUS slowdown=1.020x
[583/896 t=280s] ludcmp + ALL_MEM slowdown=1.283x
[584/896 t=280s] ludcmp + ALL_PTR slowdown=1.195x
[585/896 t=281s] ludcmp + ALL_PIPE slowdown=0.995x
[586/896 t=281s] ludcmp + TLB_TRIPLE slowdown=1.001x
[587/896 t=281s] ludcmp + MIX_CACHEBUS slowdown=3.253x
[588/896 t=282s] ludcmp + MIX_TLBMEM slowdown=1.103x
[589/896 t=282s] ludcmp + MIX_KERNEL slowdown=1.009x
[590/896 t=282s] ludcmp + MIX_IO slowdown=1.187x
[591/896 t=283s] ludcmp + MIX_HARSH slowdown=1.126x
[592/896 t=283s] ludcmp + MIX_BROAD slowdown=1.591x
[593/896 t=283s] solo matrix1 base_med=20686.00
[594/896 t=284s] matrix1 + TIM_CACHE3 slowdown=1.005x
[595/896 t=284s] matrix1 + MTH_CACHE3 slowdown=1.004x
[596/896 t=285s] matrix1 + PR_CACHE3 slowdown=1.299x
[597/896 t=285s] matrix1 + ALL_CACHE slowdown=0.999x
[598/896 t=285s] matrix1 + ALL_BUS slowdown=0.998x
[599/896 t=286s] matrix1 + ALL_MEM slowdown=1.000x
[600/896 t=286s] matrix1 + ALL_PTR slowdown=0.999x
[601/896 t=286s] matrix1 + ALL_PIPE slowdown=1.005x
[602/896 t=287s] matrix1 + TLB_TRIPLE slowdown=1.011x
[603/896 t=287s] matrix1 + MIX_CACHEBUS slowdown=1.000x
[604/896 t=288s] matrix1 + MIX_TLBMEM slowdown=1.019x
[605/896 t=288s] matrix1 + MIX_KERNEL slowdown=1.129x
[606/896 t=288s] matrix1 + MIX_IO slowdown=1.031x
[607/896 t=289s] matrix1 + MIX_HARSH slowdown=1.001x
[608/896 t=289s] matrix1 + MIX_BROAD slowdown=1.016x
[609/896 t=290s] solo md5 base_med=36055141.00
[610/896 t=290s] md5 + TIM_CACHE3 slowdown=1.000x
[611/896 t=291s] md5 + MTH_CACHE3 slowdown=0.999x
[612/896 t=292s] md5 + PR_CACHE3 slowdown=1.005x
[613/896 t=292s] md5 + ALL_CACHE slowdown=1.001x
[614/896 t=293s] md5 + ALL_BUS slowdown=1.003x
[615/896 t=294s] md5 + ALL_MEM slowdown=1.011x
[616/896 t=295s] md5 + ALL_PTR slowdown=1.001x
[617/896 t=295s] md5 + ALL_PIPE slowdown=0.996x
[618/896 t=296s] md5 + TLB_TRIPLE slowdown=1.004x
[619/896 t=297s] md5 + MIX_CACHEBUS slowdown=1.002x
[620/896 t=297s] md5 + MIX_TLBMEM slowdown=1.015x
[621/896 t=298s] md5 + MIX_KERNEL slowdown=1.002x
[622/896 t=299s] md5 + MIX_IO slowdown=0.999x
[623/896 t=299s] md5 + MIX_HARSH slowdown=1.001x
[624/896 t=300s] md5 + MIX_BROAD slowdown=1.004x
[625/896 t=300s] solo minver base_med=7004.50
[626/896 t=300s] minver + TIM_CACHE3 slowdown=0.974x
[627/896 t=301s] minver + MTH_CACHE3 slowdown=1.036x
[628/896 t=301s] minver + PR_CACHE3 slowdown=5.530x
[629/896 t=302s] minver + ALL_CACHE slowdown=3.382x
[630/896 t=302s] minver + ALL_BUS slowdown=1.241x
[631/896 t=302s] minver + ALL_MEM slowdown=1.500x
[632/896 t=303s] minver + ALL_PTR slowdown=2.032x
[633/896 t=303s] minver + ALL_PIPE slowdown=1.010x
[634/896 t=303s] minver + TLB_TRIPLE slowdown=0.949x
[635/896 t=304s] minver + MIX_CACHEBUS slowdown=0.960x
[636/896 t=304s] minver + MIX_TLBMEM slowdown=1.025x
[637/896 t=305s] minver + MIX_KERNEL slowdown=1.778x
[638/896 t=305s] minver + MIX_IO slowdown=0.977x
[639/896 t=305s] minver + MIX_HARSH slowdown=1.033x
[640/896 t=306s] minver + MIX_BROAD slowdown=3.742x
[641/896 t=310s] solo mpeg2 base_med=566173179.00
[642/896 t=315s] mpeg2 + TIM_CACHE3 slowdown=1.008x
[643/896 t=319s] mpeg2 + MTH_CACHE3 slowdown=1.007x
[644/896 t=324s] mpeg2 + PR_CACHE3 slowdown=1.019x
[645/896 t=329s] mpeg2 + ALL_CACHE slowdown=1.010x
[646/896 t=333s] mpeg2 + ALL_BUS slowdown=1.010x
[647/896 t=339s] mpeg2 + ALL_MEM slowdown=1.029x
[648/896 t=343s] mpeg2 + ALL_PTR slowdown=1.004x
[649/896 t=347s] mpeg2 + ALL_PIPE slowdown=1.000x
[650/896 t=351s] mpeg2 + TLB_TRIPLE slowdown=1.013x
[651/896 t=356s] mpeg2 + MIX_CACHEBUS slowdown=1.013x
[652/896 t=361s] mpeg2 + MIX_TLBMEM slowdown=1.033x
[653/896 t=365s] mpeg2 + MIX_KERNEL slowdown=1.007x
[654/896 t=369s] mpeg2 + MIX_IO slowdown=1.004x
[655/896 t=374s] mpeg2 + MIX_HARSH slowdown=1.010x
[656/896 t=379s] mpeg2 + MIX_BROAD slowdown=1.011x
[657/896 t=379s] solo ndes base_med=105282.50
[658/896 t=380s] ndes + TIM_CACHE3 slowdown=1.001x
[659/896 t=380s] ndes + MTH_CACHE3 slowdown=0.999x
[660/896 t=381s] ndes + PR_CACHE3 slowdown=1.062x
[661/896 t=381s] ndes + ALL_CACHE slowdown=1.002x
[662/896 t=381s] ndes + ALL_BUS slowdown=0.998x
[663/896 t=382s] ndes + ALL_MEM slowdown=1.041x
[664/896 t=382s] ndes + ALL_PTR slowdown=1.086x
[665/896 t=383s] ndes + ALL_PIPE slowdown=1.008x
[666/896 t=383s] ndes + TLB_TRIPLE slowdown=1.026x
[667/896 t=383s] ndes + MIX_CACHEBUS slowdown=1.006x
[668/896 t=384s] ndes + MIX_TLBMEM slowdown=1.048x
[669/896 t=384s] ndes + MIX_KERNEL slowdown=1.145x
[670/896 t=385s] ndes + MIX_IO slowdown=1.097x
[671/896 t=385s] ndes + MIX_HARSH slowdown=1.019x
[672/896 t=385s] ndes + MIX_BROAD slowdown=1.006x
[673/896 t=386s] solo petrinet base_med=3418.00
[674/896 t=387s] petrinet + TIM_CACHE3 slowdown=0.995x
[675/896 t=387s] petrinet + MTH_CACHE3 slowdown=7.755x
[676/896 t=388s] petrinet + PR_CACHE3 slowdown=1.038x
[677/896 t=388s] petrinet + ALL_CACHE slowdown=1.278x
[678/896 t=389s] petrinet + ALL_BUS slowdown=1.015x
[679/896 t=389s] petrinet + ALL_MEM slowdown=2.074x
[680/896 t=390s] petrinet + ALL_PTR slowdown=7.466x
[681/896 t=390s] petrinet + ALL_PIPE slowdown=1.034x
[682/896 t=391s] petrinet + TLB_TRIPLE slowdown=1.001x
[683/896 t=391s] petrinet + MIX_CACHEBUS slowdown=2.654x
[684/896 t=392s] petrinet + MIX_TLBMEM slowdown=1.338x
[685/896 t=392s] petrinet + MIX_KERNEL slowdown=0.993x
[686/896 t=392s] petrinet + MIX_IO slowdown=1.020x
[687/896 t=393s] petrinet + MIX_HARSH slowdown=0.991x
[688/896 t=393s] petrinet + MIX_BROAD slowdown=1.006x
[689/896 t=394s] solo pm base_med=21349640.50
[690/896 t=394s] pm + TIM_CACHE3 slowdown=0.999x
[691/896 t=395s] pm + MTH_CACHE3 slowdown=0.999x
[692/896 t=396s] pm + PR_CACHE3 slowdown=1.002x
[693/896 t=396s] pm + ALL_CACHE slowdown=0.999x
[694/896 t=397s] pm + ALL_BUS slowdown=1.001x
[695/896 t=398s] pm + ALL_MEM slowdown=1.013x
[696/896 t=399s] pm + ALL_PTR slowdown=0.999x
[697/896 t=399s] pm + ALL_PIPE slowdown=1.001x
[698/896 t=400s] pm + TLB_TRIPLE slowdown=1.005x
[699/896 t=400s] pm + MIX_CACHEBUS slowdown=1.002x
[700/896 t=401s] pm + MIX_TLBMEM slowdown=1.013x
[701/896 t=402s] pm + MIX_KERNEL slowdown=1.000x
[702/896 t=402s] pm + MIX_IO slowdown=0.998x
[703/896 t=403s] pm + MIX_HARSH slowdown=1.000x
[704/896 t=404s] pm + MIX_BROAD slowdown=1.001x
[705/896 t=404s] solo powerwindow base_med=2928159.50
[706/896 t=405s] powerwindow + TIM_CACHE3 slowdown=1.037x
[707/896 t=405s] powerwindow + MTH_CACHE3 slowdown=1.036x
[708/896 t=406s] powerwindow + PR_CACHE3 slowdown=1.090x
[709/896 t=406s] powerwindow + ALL_CACHE slowdown=1.025x
[710/896 t=407s] powerwindow + ALL_BUS slowdown=1.025x
[711/896 t=407s] powerwindow + ALL_MEM slowdown=1.115x
[712/896 t=408s] powerwindow + ALL_PTR slowdown=1.021x
[713/896 t=408s] powerwindow + ALL_PIPE slowdown=1.002x
[714/896 t=409s] powerwindow + TLB_TRIPLE slowdown=1.047x
[715/896 t=410s] powerwindow + MIX_CACHEBUS slowdown=1.052x
[716/896 t=410s] powerwindow + MIX_TLBMEM slowdown=1.034x
[717/896 t=411s] powerwindow + MIX_KERNEL slowdown=1.021x
[718/896 t=411s] powerwindow + MIX_IO slowdown=1.027x
[719/896 t=412s] powerwindow + MIX_HARSH slowdown=1.018x
[720/896 t=412s] powerwindow + MIX_BROAD slowdown=1.032x
[721/896 t=412s] solo prime base_med=1053.00
[722/896 t=413s] prime + TIM_CACHE3 slowdown=1.006x
[723/896 t=413s] prime + MTH_CACHE3 slowdown=1.052x
[724/896 t=414s] prime + PR_CACHE3 slowdown=9.204x
[725/896 t=414s] prime + ALL_CACHE slowdown=0.982x
[726/896 t=415s] prime + ALL_BUS slowdown=1.038x
[727/896 t=416s] prime + ALL_MEM slowdown=1.138x
[728/896 t=416s] prime + ALL_PTR slowdown=4.112x
[729/896 t=417s] prime + ALL_PIPE slowdown=0.973x
[730/896 t=417s] prime + TLB_TRIPLE slowdown=1.123x
[731/896 t=417s] prime + MIX_CACHEBUS slowdown=0.981x
[732/896 t=418s] prime + MIX_TLBMEM slowdown=1.242x
[733/896 t=418s] prime + MIX_KERNEL slowdown=0.994x
[734/896 t=419s] prime + MIX_IO slowdown=0.975x
[735/896 t=419s] prime + MIX_HARSH slowdown=1.023x
[736/896 t=420s] prime + MIX_BROAD slowdown=0.981x
[737/896 t=420s] solo quicksort base_med=6067175.50
[738/896 t=421s] quicksort + TIM_CACHE3 slowdown=1.013x
[739/896 t=421s] quicksort + MTH_CACHE3 slowdown=1.008x
[740/896 t=422s] quicksort + PR_CACHE3 slowdown=1.026x
[741/896 t=423s] quicksort + ALL_CACHE slowdown=1.011x
[742/896 t=423s] quicksort + ALL_BUS slowdown=1.007x
[743/896 t=424s] quicksort + ALL_MEM slowdown=1.047x
[744/896 t=425s] quicksort + ALL_PTR slowdown=1.015x
[745/896 t=425s] quicksort + ALL_PIPE slowdown=0.992x
[746/896 t=426s] quicksort + TLB_TRIPLE slowdown=1.035x
[747/896 t=426s] quicksort + MIX_CACHEBUS slowdown=1.019x
[748/896 t=427s] quicksort + MIX_TLBMEM slowdown=1.066x
[749/896 t=428s] quicksort + MIX_KERNEL slowdown=1.009x
[750/896 t=429s] quicksort + MIX_IO slowdown=1.006x
[751/896 t=429s] quicksort + MIX_HARSH slowdown=1.008x
[752/896 t=430s] quicksort + MIX_BROAD slowdown=1.017x
[753/896 t=430s] solo rad2deg base_med=17197.50
[754/896 t=430s] rad2deg + TIM_CACHE3 slowdown=1.003x
[755/896 t=431s] rad2deg + MTH_CACHE3 slowdown=1.001x
[756/896 t=431s] rad2deg + PR_CACHE3 slowdown=1.001x
[757/896 t=432s] rad2deg + ALL_CACHE slowdown=1.000x
[758/896 t=432s] rad2deg + ALL_BUS slowdown=0.999x
[759/896 t=433s] rad2deg + ALL_MEM slowdown=1.056x
[760/896 t=433s] rad2deg + ALL_PTR slowdown=1.000x
[761/896 t=434s] rad2deg + ALL_PIPE slowdown=1.004x
[762/896 t=434s] rad2deg + TLB_TRIPLE slowdown=1.000x
[763/896 t=435s] rad2deg + MIX_CACHEBUS slowdown=1.039x
[764/896 t=435s] rad2deg + MIX_TLBMEM slowdown=0.999x
[765/896 t=436s] rad2deg + MIX_KERNEL slowdown=1.001x
[766/896 t=436s] rad2deg + MIX_IO slowdown=1.004x
[767/896 t=437s] rad2deg + MIX_HARSH slowdown=0.999x
[768/896 t=437s] rad2deg + MIX_BROAD slowdown=1.001x
[769/896 t=437s] solo recursion base_med=4309.50
[770/896 t=438s] recursion + TIM_CACHE3 slowdown=1.017x
[771/896 t=438s] recursion + MTH_CACHE3 slowdown=0.981x
[772/896 t=439s] recursion + PR_CACHE3 slowdown=0.974x
[773/896 t=439s] recursion + ALL_CACHE slowdown=0.995x
[774/896 t=439s] recursion + ALL_BUS slowdown=0.995x
[775/896 t=440s] recursion + ALL_MEM slowdown=1.038x
[776/896 t=440s] recursion + ALL_PTR slowdown=0.996x
[777/896 t=441s] recursion + ALL_PIPE slowdown=0.989x
[778/896 t=441s] recursion + TLB_TRIPLE slowdown=1.012x
[779/896 t=442s] recursion + MIX_CACHEBUS slowdown=0.992x
[780/896 t=443s] recursion + MIX_TLBMEM slowdown=1.049x
[781/896 t=443s] recursion + MIX_KERNEL slowdown=1.007x
[782/896 t=444s] recursion + MIX_IO slowdown=1.008x
[783/896 t=444s] recursion + MIX_HARSH slowdown=0.985x
[784/896 t=445s] recursion + MIX_BROAD slowdown=0.996x
[warn] solo rijndael_dec failed
[785/896 t=445s] solo rijndael_dec base_med=0
[warn] rijndael_dec + TIM_CACHE3 failed
[786/896 t=446s] rijndael_dec + TIM_CACHE3 slowdown=0x
[warn] rijndael_dec + MTH_CACHE3 failed
[787/896 t=446s] rijndael_dec + MTH_CACHE3 slowdown=0x
[warn] rijndael_dec + PR_CACHE3 failed
[788/896 t=446s] rijndael_dec + PR_CACHE3 slowdown=0x
[warn] rijndael_dec + ALL_CACHE failed
[789/896 t=447s] rijndael_dec + ALL_CACHE slowdown=0x
[warn] rijndael_dec + ALL_BUS failed
[790/896 t=447s] rijndael_dec + ALL_BUS slowdown=0x
[warn] rijndael_dec + ALL_MEM failed
[791/896 t=448s] rijndael_dec + ALL_MEM slowdown=0x
[warn] rijndael_dec + ALL_PTR failed
[792/896 t=448s] rijndael_dec + ALL_PTR slowdown=0x
[warn] rijndael_dec + ALL_PIPE failed
[793/896 t=449s] rijndael_dec + ALL_PIPE slowdown=0x
[warn] rijndael_dec + TLB_TRIPLE failed
[794/896 t=450s] rijndael_dec + TLB_TRIPLE slowdown=0x
[warn] rijndael_dec + MIX_CACHEBUS failed
[795/896 t=451s] rijndael_dec + MIX_CACHEBUS slowdown=0x
[warn] rijndael_dec + MIX_TLBMEM failed
[796/896 t=451s] rijndael_dec + MIX_TLBMEM slowdown=0x
[warn] rijndael_dec + MIX_KERNEL failed
[797/896 t=452s] rijndael_dec + MIX_KERNEL slowdown=0x
[warn] rijndael_dec + MIX_IO failed
[798/896 t=452s] rijndael_dec + MIX_IO slowdown=0x
[warn] rijndael_dec + MIX_HARSH failed
[799/896 t=452s] rijndael_dec + MIX_HARSH slowdown=0x
[warn] rijndael_dec + MIX_BROAD failed
[800/896 t=453s] rijndael_dec + MIX_BROAD slowdown=0x
[warn] solo rijndael_enc failed
[801/896 t=453s] solo rijndael_enc base_med=0
[warn] rijndael_enc + TIM_CACHE3 failed
[802/896 t=454s] rijndael_enc + TIM_CACHE3 slowdown=0x
[warn] rijndael_enc + MTH_CACHE3 failed
[803/896 t=454s] rijndael_enc + MTH_CACHE3 slowdown=0x
[warn] rijndael_enc + PR_CACHE3 failed
[804/896 t=454s] rijndael_enc + PR_CACHE3 slowdown=0x
[warn] rijndael_enc + ALL_CACHE failed
[805/896 t=455s] rijndael_enc + ALL_CACHE slowdown=0x
[warn] rijndael_enc + ALL_BUS failed
[806/896 t=455s] rijndael_enc + ALL_BUS slowdown=0x
[warn] rijndael_enc + ALL_MEM failed
[807/896 t=456s] rijndael_enc + ALL_MEM slowdown=0x
[warn] rijndael_enc + ALL_PTR failed
[808/896 t=457s] rijndael_enc + ALL_PTR slowdown=0x
[warn] rijndael_enc + ALL_PIPE failed
[809/896 t=457s] rijndael_enc + ALL_PIPE slowdown=0x
[warn] rijndael_enc + TLB_TRIPLE failed
[810/896 t=458s] rijndael_enc + TLB_TRIPLE slowdown=0x
[warn] rijndael_enc + MIX_CACHEBUS failed
[811/896 t=458s] rijndael_enc + MIX_CACHEBUS slowdown=0x
[warn] rijndael_enc + MIX_TLBMEM failed
[812/896 t=459s] rijndael_enc + MIX_TLBMEM slowdown=0x
[warn] rijndael_enc + MIX_KERNEL failed
[813/896 t=459s] rijndael_enc + MIX_KERNEL slowdown=0x
[warn] rijndael_enc + MIX_IO failed
[814/896 t=460s] rijndael_enc + MIX_IO slowdown=0x
[warn] rijndael_enc + MIX_HARSH failed
[815/896 t=460s] rijndael_enc + MIX_HARSH slowdown=0x
[warn] rijndael_enc + MIX_BROAD failed
[816/896 t=460s] rijndael_enc + MIX_BROAD slowdown=0x
[817/896 t=461s] solo sha base_med=5442626.00
[818/896 t=461s] sha + TIM_CACHE3 slowdown=1.005x
[819/896 t=462s] sha + MTH_CACHE3 slowdown=1.008x
[820/896 t=462s] sha + PR_CACHE3 slowdown=1.017x
[821/896 t=463s] sha + ALL_CACHE slowdown=1.010x
[822/896 t=464s] sha + ALL_BUS slowdown=1.009x
[823/896 t=464s] sha + ALL_MEM slowdown=1.034x
[824/896 t=465s] sha + ALL_PTR slowdown=1.003x
[825/896 t=465s] sha + ALL_PIPE slowdown=1.008x
[826/896 t=466s] sha + TLB_TRIPLE slowdown=1.033x
[827/896 t=466s] sha + MIX_CACHEBUS slowdown=1.010x
[828/896 t=467s] sha + MIX_TLBMEM slowdown=1.042x
[829/896 t=468s] sha + MIX_KERNEL slowdown=1.009x
[830/896 t=468s] sha + MIX_IO slowdown=1.004x
[831/896 t=469s] sha + MIX_HARSH slowdown=1.009x
[832/896 t=470s] sha + MIX_BROAD slowdown=1.025x
[833/896 t=470s] solo st base_med=321585.00
[834/896 t=470s] st + TIM_CACHE3 slowdown=1.001x
[835/896 t=471s] st + MTH_CACHE3 slowdown=1.014x
[836/896 t=471s] st + PR_CACHE3 slowdown=1.059x
[837/896 t=472s] st + ALL_CACHE slowdown=1.000x
[838/896 t=472s] st + ALL_BUS slowdown=1.004x
[839/896 t=473s] st + ALL_MEM slowdown=1.002x
[840/896 t=473s] st + ALL_PTR slowdown=1.000x
[841/896 t=474s] st + ALL_PIPE slowdown=1.000x
[842/896 t=474s] st + TLB_TRIPLE slowdown=1.014x
[843/896 t=475s] st + MIX_CACHEBUS slowdown=1.001x
[844/896 t=475s] st + MIX_TLBMEM slowdown=1.013x
[845/896 t=476s] st + MIX_KERNEL slowdown=1.013x
[846/896 t=476s] st + MIX_IO slowdown=1.028x
[847/896 t=477s] st + MIX_HARSH slowdown=1.000x
[848/896 t=478s] st + MIX_BROAD slowdown=1.012x
[849/896 t=478s] solo statemate base_med=105717.00
[850/896 t=478s] statemate + TIM_CACHE3 slowdown=1.007x
[851/896 t=479s] statemate + MTH_CACHE3 slowdown=1.010x
[852/896 t=479s] statemate + PR_CACHE3 slowdown=1.626x
[853/896 t=480s] statemate + ALL_CACHE slowdown=1.000x
[854/896 t=480s] statemate + ALL_BUS slowdown=1.095x
[855/896 t=481s] statemate + ALL_MEM slowdown=1.016x
[856/896 t=481s] statemate + ALL_PTR slowdown=1.005x
[857/896 t=482s] statemate + ALL_PIPE slowdown=1.002x
[858/896 t=482s] statemate + TLB_TRIPLE slowdown=1.008x
[859/896 t=483s] statemate + MIX_CACHEBUS slowdown=1.390x
[860/896 t=483s] statemate + MIX_TLBMEM slowdown=1.081x
[861/896 t=484s] statemate + MIX_KERNEL slowdown=1.015x
[862/896 t=484s] statemate + MIX_IO slowdown=1.107x
[863/896 t=485s] statemate + MIX_HARSH slowdown=1.026x
[864/896 t=485s] statemate + MIX_BROAD slowdown=1.008x
[865/896 t=486s] solo susan base_med=78957431.50
[866/896 t=488s] susan + TIM_CACHE3 slowdown=1.001x
[867/896 t=489s] susan + MTH_CACHE3 slowdown=1.000x
[868/896 t=490s] susan + PR_CACHE3 slowdown=1.003x
[869/896 t=491s] susan + ALL_CACHE slowdown=1.000x
[870/896 t=492s] susan + ALL_BUS slowdown=1.001x
[871/896 t=494s] susan + ALL_MEM slowdown=1.008x
[872/896 t=495s] susan + ALL_PTR slowdown=0.999x
[873/896 t=496s] susan + ALL_PIPE slowdown=0.999x
[874/896 t=497s] susan + TLB_TRIPLE slowdown=1.007x
[875/896 t=498s] susan + MIX_CACHEBUS slowdown=1.001x
[876/896 t=500s] susan + MIX_TLBMEM slowdown=1.008x
[877/896 t=501s] susan + MIX_KERNEL slowdown=1.002x
[878/896 t=502s] susan + MIX_IO slowdown=1.000x
[879/896 t=503s] susan + MIX_HARSH slowdown=1.001x
[880/896 t=505s] susan + MIX_BROAD slowdown=1.003x
[881/896 t=515s] solo test3 base_med=768038727.50
[882/896 t=522s] test3 + TIM_CACHE3 slowdown=1.039x
[883/896 t=530s] test3 + MTH_CACHE3 slowdown=1.039x
[884/896 t=537s] test3 + PR_CACHE3 slowdown=1.081x
[885/896 t=544s] test3 + ALL_CACHE slowdown=1.031x
[886/896 t=551s] test3 + ALL_BUS slowdown=1.033x
[887/896 t=559s] test3 + ALL_MEM slowdown=1.099x
[888/896 t=565s] test3 + ALL_PTR slowdown=1.036x
[889/896 t=571s] test3 + ALL_PIPE slowdown=0.998x
[890/896 t=579s] test3 + TLB_TRIPLE slowdown=1.032x
[891/896 t=586s] test3 + MIX_CACHEBUS slowdown=1.044x
[892/896 t=594s] test3 + MIX_TLBMEM slowdown=1.097x
[893/896 t=600s] test3 + MIX_KERNEL slowdown=1.066x
[894/896 t=606s] test3 + MIX_IO slowdown=1.018x
[895/896 t=612s] test3 + MIX_HARSH slowdown=1.035x
[896/896 t=618s] test3 + MIX_BROAD slowdown=1.047x
=== sweep done ===
summary: results/mixed/sweep_summary.csv
