nohup: ignoring input
[phase4][warn] cannot confirm TIM tuned build; rebuild with run_phase3_hybrid.sh first.
[phase4][skip] anagram: no solo stats
[phase4][skip] audiobeam: no solo stats
[phase4][skip] huff_dec: no solo stats
[phase4][skip] rijndael_dec: no solo stats
[phase4][skip] rijndael_enc: no solo stats
[phase4] 50/1083  101s elapsed
[phase4] 100/1083  169s elapsed
[phase4] 150/1083  196s elapsed
[phase4] 200/1083  221s elapsed
[phase4] 250/1083  246s elapsed
[phase4] 300/1083  324s elapsed
[phase4] 350/1083  367s elapsed
[phase4] 400/1083  401s elapsed
[phase4] 450/1083  426s elapsed
[phase4] 500/1083  460s elapsed
[phase4] 550/1083  485s elapsed
[phase4] 600/1083  511s elapsed
[phase4] 650/1083  535s elapsed
[phase4] 700/1083  576s elapsed
[phase4] 750/1083  897s elapsed
[phase4] 800/1083  934s elapsed
[phase4] 850/1083  962s elapsed
[phase4] 900/1083  990s elapsed
[phase4] 950/1083  1017s elapsed
[phase4] done -> results/phase4/sweep_summary.csv

=== Top 25 by min-cycles ratio ===
fac,H4_TUNED_KILLER,"CACHE BUS MEM",5445,1000.17,749.00,48306,3724.77,775.00,8.872,3.724,1.035
countnegative,N3_BUS_MEM_PRMEMBUS,"BUS MEM PR_MEMBUS",40418,34342.77,33869.00,354637,48992.67,34300.00,8.774,1.427,1.013
ndes,H15_PRC_MTHC_MTHM,"PR_CACHE MTH_CACHE MTH_MEM",127338,105982.73,105199.50,987335,146519.20,107902.50,7.754,1.382,1.026
binarysearch,H5_MEM_PRR_MTHM,"MEM PR_ROWBUF MTH_MEM",7479,2214.73,1878.00,57674,5648.87,1999.00,7.711,2.551,1.064
fac,N2_CACHE_MEM_PRROW,"CACHE MEM PR_ROWBUF",5445,1000.17,749.00,39008,3361.93,714.50,7.164,3.361,0.954
petrinet,H4_TUNED_KILLER,"CACHE BUS MEM",28563,4905.00,4037.00,188459,26347.53,4627.00,6.598,5.372,1.146
prime,N5_CACHE_BUS_MTHM,"CACHE BUS MTH_MEM",6122,1185.23,1013.00,37798,3256.30,1313.50,6.174,2.747,1.297
prime,H16_CACHE_MEM_BUS,"CACHE MEM BUS",6122,1185.23,1013.00,36831,2659.23,1156.50,6.016,2.244,1.142
deg2rad,N5_CACHE_BUS_MTHM,"CACHE BUS MTH_MEM",20517,17397.43,17170.00,121312,21522.23,17269.00,5.913,1.237,1.006
fac,N5_CACHE_BUS_MTHM,"CACHE BUS MTH_MEM",5445,1000.17,749.00,30893,2355.50,833.50,5.674,2.355,1.113
binarysearch,H16_CACHE_MEM_BUS,"CACHE MEM BUS",7479,2214.73,1878.00,42308,4322.50,2035.00,5.657,1.952,1.084
iir,N2_CACHE_MEM_PRROW,"CACHE MEM PR_ROWBUF",7698,3841.40,3564.00,42555,6468.93,3700.00,5.528,1.684,1.038
petrinet,H12_PRC_PRROW_MTHM,"PR_CACHE PR_ROWBUF MTH_MEM",28563,4905.00,4037.00,153368,21310.20,4391.00,5.369,4.345,1.088
petrinet,H5_MEM_PRR_MTHM,"MEM PR_ROWBUF MTH_MEM",28563,4905.00,4037.00,147607,19000.83,8813.00,5.168,3.874,2.183
prime,H15_PRC_MTHC_MTHM,"PR_CACHE MTH_CACHE MTH_MEM",6122,1185.23,1013.00,31334,2119.57,1030.50,5.118,1.788,1.017
petrinet,N3_BUS_MEM_PRMEMBUS,"BUS MEM PR_MEMBUS",28563,4905.00,4037.00,144872,10763.07,4276.00,5.072,2.194,1.059
binarysearch,H14_CACHE_MEM_PRC,"CACHE MEM PR_CACHE",7479,2214.73,1878.00,37295,10389.87,2797.00,4.987,4.691,1.489
petrinet,H16_CACHE_MEM_BUS,"CACHE MEM BUS",28563,4905.00,4037.00,142126,16628.20,4756.00,4.976,3.390,1.178
iir,H4_TUNED_KILLER,"CACHE BUS MEM",7698,3841.40,3564.00,37693,11038.37,5106.00,4.896,2.874,1.433
fac,N3_BUS_MEM_PRMEMBUS,"BUS MEM PR_MEMBUS",5445,1000.17,749.00,26487,1814.57,719.00,4.864,1.814,0.960
cover,N5_CACHE_BUS_MTHM,"CACHE BUS MTH_MEM",23942,6540.90,5919.50,115594,12738.43,6910.50,4.828,1.948,1.167
cover,H5_MEM_PRR_MTHM,"MEM PR_ROWBUF MTH_MEM",23942,6540.90,5919.50,115571,14440.03,8333.00,4.827,2.208,1.408
petrinet,N5_CACHE_BUS_MTHM,"CACHE BUS MTH_MEM",28563,4905.00,4037.00,137497,10087.73,4564.50,4.814,2.057,1.131
petrinet,N2_CACHE_MEM_PRROW,"CACHE MEM PR_ROWBUF",28563,4905.00,4037.00,136280,9057.20,3416.00,4.771,1.847,0.846
fac,H5_MEM_PRR_MTHM,"MEM PR_ROWBUF MTH_MEM",5445,1000.17,749.00,25766,1692.97,766.00,4.732,1.693,1.023
