nohup: ignoring input
[phase3] rebuilding harness with TIM tuned macros...
bench/bench/MTH/MTH_PIPELINE/MTH_PIPELINE.c:58:15: warning: ‘MTH_sin_bubble’ defined but not used [-Wunused-function]
   58 | static double MTH_sin_bubble(double x)
      |               ^~~~~~~~~~~~~~
[phase3] build OK
[solo] prime
[solo] petrinet
[solo] minver
[solo] ludcmp
[solo] complex_updates
[solo] cover
[solo] iir
[solo] duff
[solo] fac
[solo] cosf
[solo] jfdctint
[solo] insertsort
[solo] fir2dim
[solo] bitcount
[solo] fft
[solo] adpcm_dec
[solo] statemate
[solo] fmref
[solo] pm
[solo] bsort
[solo] recursion
[solo] ndes
[solo] susan
[solo] h264_dec
[solo] rijndael_dec
[1/500] prime :: H14_CACHE_MEM_PRC :: CACHE MEM PR_CACHE
[2/500] prime :: H20_PTR_PRPTR_PRC :: POINTER PR_POINTER PR_CACHE
[3/500] prime :: H3_CACHE_PRC_PRC :: CACHE PR_CACHE PR_CACHE
[4/500] prime :: H19_MEM_MEM_PRROW :: MEM MEM PR_ROWBUF
[5/500] prime :: H1_CACHE_PRC_MTHC :: CACHE PR_CACHE MTH_CACHE
[6/500] prime :: H17_PRC_PRC_PRT :: PR_CACHE PR_CACHE PR_TLB
[7/500] prime :: H18_PRC_PRC_PRMEMBUS :: PR_CACHE PR_CACHE PR_MEMBUS
[8/500] prime :: H16_CACHE_MEM_BUS :: CACHE MEM BUS
[9/500] prime :: H8_BUS_PRMEMBUS_PRC :: BUS PR_MEMBUS PR_CACHE
[10/500] prime :: H11_PRC_PRT_PRMEMBUS :: PR_CACHE PR_TLB PR_MEMBUS
[11/500] prime :: H4_TUNED_KILLER :: CACHE BUS MEM
[12/500] prime :: H6_CACHE_PRC_PRT :: CACHE PR_CACHE PR_TLB
[13/500] prime :: H5_MEM_PRR_MTHM :: MEM PR_ROWBUF MTH_MEM
[14/500] prime :: H10_PRC_PRT_PRROW :: PR_CACHE PR_TLB PR_ROWBUF
[15/500] prime :: H7_CACHE_PRC_PRMEMBUS :: CACHE PR_CACHE PR_MEMBUS
[16/500] prime :: H13_CACHE_BUS_PRC :: CACHE BUS PR_CACHE
[17/500] prime :: H2_CACHE_CACHE_PRC :: CACHE CACHE PR_CACHE
[18/500] prime :: H15_PRC_MTHC_MTHM :: PR_CACHE MTH_CACHE MTH_MEM
[19/500] prime :: H12_PRC_PRROW_MTHM :: PR_CACHE PR_ROWBUF MTH_MEM
[20/500] prime :: H9_PTR_PRPTR_MTHPTR :: POINTER PR_POINTER MTH_POINTER
[21/500] petrinet :: H14_CACHE_MEM_PRC :: CACHE MEM PR_CACHE
[22/500] petrinet :: H20_PTR_PRPTR_PRC :: POINTER PR_POINTER PR_CACHE
[23/500] petrinet :: H3_CACHE_PRC_PRC :: CACHE PR_CACHE PR_CACHE
[24/500] petrinet :: H19_MEM_MEM_PRROW :: MEM MEM PR_ROWBUF
[25/500] petrinet :: H1_CACHE_PRC_MTHC :: CACHE PR_CACHE MTH_CACHE
[26/500] petrinet :: H17_PRC_PRC_PRT :: PR_CACHE PR_CACHE PR_TLB
[27/500] petrinet :: H18_PRC_PRC_PRMEMBUS :: PR_CACHE PR_CACHE PR_MEMBUS
[28/500] petrinet :: H16_CACHE_MEM_BUS :: CACHE MEM BUS
[29/500] petrinet :: H8_BUS_PRMEMBUS_PRC :: BUS PR_MEMBUS PR_CACHE
[30/500] petrinet :: H11_PRC_PRT_PRMEMBUS :: PR_CACHE PR_TLB PR_MEMBUS
[31/500] petrinet :: H4_TUNED_KILLER :: CACHE BUS MEM
[32/500] petrinet :: H6_CACHE_PRC_PRT :: CACHE PR_CACHE PR_TLB
[33/500] petrinet :: H5_MEM_PRR_MTHM :: MEM PR_ROWBUF MTH_MEM
[34/500] petrinet :: H10_PRC_PRT_PRROW :: PR_CACHE PR_TLB PR_ROWBUF
[35/500] petrinet :: H7_CACHE_PRC_PRMEMBUS :: CACHE PR_CACHE PR_MEMBUS
[36/500] petrinet :: H13_CACHE_BUS_PRC :: CACHE BUS PR_CACHE
[37/500] petrinet :: H2_CACHE_CACHE_PRC :: CACHE CACHE PR_CACHE
[38/500] petrinet :: H15_PRC_MTHC_MTHM :: PR_CACHE MTH_CACHE MTH_MEM
[39/500] petrinet :: H12_PRC_PRROW_MTHM :: PR_CACHE PR_ROWBUF MTH_MEM
[40/500] petrinet :: H9_PTR_PRPTR_MTHPTR :: POINTER PR_POINTER MTH_POINTER
[41/500] minver :: H14_CACHE_MEM_PRC :: CACHE MEM PR_CACHE
[42/500] minver :: H20_PTR_PRPTR_PRC :: POINTER PR_POINTER PR_CACHE
[43/500] minver :: H3_CACHE_PRC_PRC :: CACHE PR_CACHE PR_CACHE
[44/500] minver :: H19_MEM_MEM_PRROW :: MEM MEM PR_ROWBUF
[45/500] minver :: H1_CACHE_PRC_MTHC :: CACHE PR_CACHE MTH_CACHE
[46/500] minver :: H17_PRC_PRC_PRT :: PR_CACHE PR_CACHE PR_TLB
[47/500] minver :: H18_PRC_PRC_PRMEMBUS :: PR_CACHE PR_CACHE PR_MEMBUS
[48/500] minver :: H16_CACHE_MEM_BUS :: CACHE MEM BUS
[49/500] minver :: H8_BUS_PRMEMBUS_PRC :: BUS PR_MEMBUS PR_CACHE
[50/500] minver :: H11_PRC_PRT_PRMEMBUS :: PR_CACHE PR_TLB PR_MEMBUS
[51/500] minver :: H4_TUNED_KILLER :: CACHE BUS MEM
[52/500] minver :: H6_CACHE_PRC_PRT :: CACHE PR_CACHE PR_TLB
[53/500] minver :: H5_MEM_PRR_MTHM :: MEM PR_ROWBUF MTH_MEM
[54/500] minver :: H10_PRC_PRT_PRROW :: PR_CACHE PR_TLB PR_ROWBUF
[55/500] minver :: H7_CACHE_PRC_PRMEMBUS :: CACHE PR_CACHE PR_MEMBUS
[56/500] minver :: H13_CACHE_BUS_PRC :: CACHE BUS PR_CACHE
[57/500] minver :: H2_CACHE_CACHE_PRC :: CACHE CACHE PR_CACHE
[58/500] minver :: H15_PRC_MTHC_MTHM :: PR_CACHE MTH_CACHE MTH_MEM
[59/500] minver :: H12_PRC_PRROW_MTHM :: PR_CACHE PR_ROWBUF MTH_MEM
[60/500] minver :: H9_PTR_PRPTR_MTHPTR :: POINTER PR_POINTER MTH_POINTER
[61/500] ludcmp :: H14_CACHE_MEM_PRC :: CACHE MEM PR_CACHE
[62/500] ludcmp :: H20_PTR_PRPTR_PRC :: POINTER PR_POINTER PR_CACHE
[63/500] ludcmp :: H3_CACHE_PRC_PRC :: CACHE PR_CACHE PR_CACHE
[64/500] ludcmp :: H19_MEM_MEM_PRROW :: MEM MEM PR_ROWBUF
[65/500] ludcmp :: H1_CACHE_PRC_MTHC :: CACHE PR_CACHE MTH_CACHE
[66/500] ludcmp :: H17_PRC_PRC_PRT :: PR_CACHE PR_CACHE PR_TLB
[67/500] ludcmp :: H18_PRC_PRC_PRMEMBUS :: PR_CACHE PR_CACHE PR_MEMBUS
[68/500] ludcmp :: H16_CACHE_MEM_BUS :: CACHE MEM BUS
[69/500] ludcmp :: H8_BUS_PRMEMBUS_PRC :: BUS PR_MEMBUS PR_CACHE
[70/500] ludcmp :: H11_PRC_PRT_PRMEMBUS :: PR_CACHE PR_TLB PR_MEMBUS
[71/500] ludcmp :: H4_TUNED_KILLER :: CACHE BUS MEM
[72/500] ludcmp :: H6_CACHE_PRC_PRT :: CACHE PR_CACHE PR_TLB
[73/500] ludcmp :: H5_MEM_PRR_MTHM :: MEM PR_ROWBUF MTH_MEM
[74/500] ludcmp :: H10_PRC_PRT_PRROW :: PR_CACHE PR_TLB PR_ROWBUF
[75/500] ludcmp :: H7_CACHE_PRC_PRMEMBUS :: CACHE PR_CACHE PR_MEMBUS
[76/500] ludcmp :: H13_CACHE_BUS_PRC :: CACHE BUS PR_CACHE
[77/500] ludcmp :: H2_CACHE_CACHE_PRC :: CACHE CACHE PR_CACHE
[78/500] ludcmp :: H15_PRC_MTHC_MTHM :: PR_CACHE MTH_CACHE MTH_MEM
[79/500] ludcmp :: H12_PRC_PRROW_MTHM :: PR_CACHE PR_ROWBUF MTH_MEM
[80/500] ludcmp :: H9_PTR_PRPTR_MTHPTR :: POINTER PR_POINTER MTH_POINTER
[81/500] complex_updates :: H14_CACHE_MEM_PRC :: CACHE MEM PR_CACHE
[82/500] complex_updates :: H20_PTR_PRPTR_PRC :: POINTER PR_POINTER PR_CACHE
[83/500] complex_updates :: H3_CACHE_PRC_PRC :: CACHE PR_CACHE PR_CACHE
[84/500] complex_updates :: H19_MEM_MEM_PRROW :: MEM MEM PR_ROWBUF
[85/500] complex_updates :: H1_CACHE_PRC_MTHC :: CACHE PR_CACHE MTH_CACHE
[86/500] complex_updates :: H17_PRC_PRC_PRT :: PR_CACHE PR_CACHE PR_TLB
[87/500] complex_updates :: H18_PRC_PRC_PRMEMBUS :: PR_CACHE PR_CACHE PR_MEMBUS
[88/500] complex_updates :: H16_CACHE_MEM_BUS :: CACHE MEM BUS
[89/500] complex_updates :: H8_BUS_PRMEMBUS_PRC :: BUS PR_MEMBUS PR_CACHE
[90/500] complex_updates :: H11_PRC_PRT_PRMEMBUS :: PR_CACHE PR_TLB PR_MEMBUS
[91/500] complex_updates :: H4_TUNED_KILLER :: CACHE BUS MEM
[92/500] complex_updates :: H6_CACHE_PRC_PRT :: CACHE PR_CACHE PR_TLB
[93/500] complex_updates :: H5_MEM_PRR_MTHM :: MEM PR_ROWBUF MTH_MEM
[94/500] complex_updates :: H10_PRC_PRT_PRROW :: PR_CACHE PR_TLB PR_ROWBUF
[95/500] complex_updates :: H7_CACHE_PRC_PRMEMBUS :: CACHE PR_CACHE PR_MEMBUS
[96/500] complex_updates :: H13_CACHE_BUS_PRC :: CACHE BUS PR_CACHE
[97/500] complex_updates :: H2_CACHE_CACHE_PRC :: CACHE CACHE PR_CACHE
[98/500] complex_updates :: H15_PRC_MTHC_MTHM :: PR_CACHE MTH_CACHE MTH_MEM
[99/500] complex_updates :: H12_PRC_PRROW_MTHM :: PR_CACHE PR_ROWBUF MTH_MEM
[100/500] complex_updates :: H9_PTR_PRPTR_MTHPTR :: POINTER PR_POINTER MTH_POINTER
[101/500] cover :: H14_CACHE_MEM_PRC :: CACHE MEM PR_CACHE
[102/500] cover :: H20_PTR_PRPTR_PRC :: POINTER PR_POINTER PR_CACHE
[103/500] cover :: H3_CACHE_PRC_PRC :: CACHE PR_CACHE PR_CACHE
[104/500] cover :: H19_MEM_MEM_PRROW :: MEM MEM PR_ROWBUF
[105/500] cover :: H1_CACHE_PRC_MTHC :: CACHE PR_CACHE MTH_CACHE
[106/500] cover :: H17_PRC_PRC_PRT :: PR_CACHE PR_CACHE PR_TLB
[107/500] cover :: H18_PRC_PRC_PRMEMBUS :: PR_CACHE PR_CACHE PR_MEMBUS
[108/500] cover :: H16_CACHE_MEM_BUS :: CACHE MEM BUS
[109/500] cover :: H8_BUS_PRMEMBUS_PRC :: BUS PR_MEMBUS PR_CACHE
[110/500] cover :: H11_PRC_PRT_PRMEMBUS :: PR_CACHE PR_TLB PR_MEMBUS
[111/500] cover :: H4_TUNED_KILLER :: CACHE BUS MEM
[112/500] cover :: H6_CACHE_PRC_PRT :: CACHE PR_CACHE PR_TLB
[113/500] cover :: H5_MEM_PRR_MTHM :: MEM PR_ROWBUF MTH_MEM
[114/500] cover :: H10_PRC_PRT_PRROW :: PR_CACHE PR_TLB PR_ROWBUF
[115/500] cover :: H7_CACHE_PRC_PRMEMBUS :: CACHE PR_CACHE PR_MEMBUS
[116/500] cover :: H13_CACHE_BUS_PRC :: CACHE BUS PR_CACHE
[117/500] cover :: H2_CACHE_CACHE_PRC :: CACHE CACHE PR_CACHE
[118/500] cover :: H15_PRC_MTHC_MTHM :: PR_CACHE MTH_CACHE MTH_MEM
[119/500] cover :: H12_PRC_PRROW_MTHM :: PR_CACHE PR_ROWBUF MTH_MEM
[120/500] cover :: H9_PTR_PRPTR_MTHPTR :: POINTER PR_POINTER MTH_POINTER
[121/500] iir :: H14_CACHE_MEM_PRC :: CACHE MEM PR_CACHE
[122/500] iir :: H20_PTR_PRPTR_PRC :: POINTER PR_POINTER PR_CACHE
[123/500] iir :: H3_CACHE_PRC_PRC :: CACHE PR_CACHE PR_CACHE
[124/500] iir :: H19_MEM_MEM_PRROW :: MEM MEM PR_ROWBUF
[125/500] iir :: H1_CACHE_PRC_MTHC :: CACHE PR_CACHE MTH_CACHE
[126/500] iir :: H17_PRC_PRC_PRT :: PR_CACHE PR_CACHE PR_TLB
[127/500] iir :: H18_PRC_PRC_PRMEMBUS :: PR_CACHE PR_CACHE PR_MEMBUS
[128/500] iir :: H16_CACHE_MEM_BUS :: CACHE MEM BUS
[129/500] iir :: H8_BUS_PRMEMBUS_PRC :: BUS PR_MEMBUS PR_CACHE
[130/500] iir :: H11_PRC_PRT_PRMEMBUS :: PR_CACHE PR_TLB PR_MEMBUS
[131/500] iir :: H4_TUNED_KILLER :: CACHE BUS MEM
[132/500] iir :: H6_CACHE_PRC_PRT :: CACHE PR_CACHE PR_TLB
[133/500] iir :: H5_MEM_PRR_MTHM :: MEM PR_ROWBUF MTH_MEM
[134/500] iir :: H10_PRC_PRT_PRROW :: PR_CACHE PR_TLB PR_ROWBUF
[135/500] iir :: H7_CACHE_PRC_PRMEMBUS :: CACHE PR_CACHE PR_MEMBUS
[136/500] iir :: H13_CACHE_BUS_PRC :: CACHE BUS PR_CACHE
[137/500] iir :: H2_CACHE_CACHE_PRC :: CACHE CACHE PR_CACHE
[138/500] iir :: H15_PRC_MTHC_MTHM :: PR_CACHE MTH_CACHE MTH_MEM
[139/500] iir :: H12_PRC_PRROW_MTHM :: PR_CACHE PR_ROWBUF MTH_MEM
[140/500] iir :: H9_PTR_PRPTR_MTHPTR :: POINTER PR_POINTER MTH_POINTER
[141/500] duff :: H14_CACHE_MEM_PRC :: CACHE MEM PR_CACHE
[142/500] duff :: H20_PTR_PRPTR_PRC :: POINTER PR_POINTER PR_CACHE
[143/500] duff :: H3_CACHE_PRC_PRC :: CACHE PR_CACHE PR_CACHE
[144/500] duff :: H19_MEM_MEM_PRROW :: MEM MEM PR_ROWBUF
[145/500] duff :: H1_CACHE_PRC_MTHC :: CACHE PR_CACHE MTH_CACHE
[146/500] duff :: H17_PRC_PRC_PRT :: PR_CACHE PR_CACHE PR_TLB
[147/500] duff :: H18_PRC_PRC_PRMEMBUS :: PR_CACHE PR_CACHE PR_MEMBUS
[148/500] duff :: H16_CACHE_MEM_BUS :: CACHE MEM BUS
[149/500] duff :: H8_BUS_PRMEMBUS_PRC :: BUS PR_MEMBUS PR_CACHE
[150/500] duff :: H11_PRC_PRT_PRMEMBUS :: PR_CACHE PR_TLB PR_MEMBUS
[151/500] duff :: H4_TUNED_KILLER :: CACHE BUS MEM
[152/500] duff :: H6_CACHE_PRC_PRT :: CACHE PR_CACHE PR_TLB
[153/500] duff :: H5_MEM_PRR_MTHM :: MEM PR_ROWBUF MTH_MEM
[154/500] duff :: H10_PRC_PRT_PRROW :: PR_CACHE PR_TLB PR_ROWBUF
[155/500] duff :: H7_CACHE_PRC_PRMEMBUS :: CACHE PR_CACHE PR_MEMBUS
[156/500] duff :: H13_CACHE_BUS_PRC :: CACHE BUS PR_CACHE
[157/500] duff :: H2_CACHE_CACHE_PRC :: CACHE CACHE PR_CACHE
[158/500] duff :: H15_PRC_MTHC_MTHM :: PR_CACHE MTH_CACHE MTH_MEM
[159/500] duff :: H12_PRC_PRROW_MTHM :: PR_CACHE PR_ROWBUF MTH_MEM
[160/500] duff :: H9_PTR_PRPTR_MTHPTR :: POINTER PR_POINTER MTH_POINTER
[161/500] fac :: H14_CACHE_MEM_PRC :: CACHE MEM PR_CACHE
[162/500] fac :: H20_PTR_PRPTR_PRC :: POINTER PR_POINTER PR_CACHE
[163/500] fac :: H3_CACHE_PRC_PRC :: CACHE PR_CACHE PR_CACHE
[164/500] fac :: H19_MEM_MEM_PRROW :: MEM MEM PR_ROWBUF
[165/500] fac :: H1_CACHE_PRC_MTHC :: CACHE PR_CACHE MTH_CACHE
[166/500] fac :: H17_PRC_PRC_PRT :: PR_CACHE PR_CACHE PR_TLB
[167/500] fac :: H18_PRC_PRC_PRMEMBUS :: PR_CACHE PR_CACHE PR_MEMBUS
[168/500] fac :: H16_CACHE_MEM_BUS :: CACHE MEM BUS
[169/500] fac :: H8_BUS_PRMEMBUS_PRC :: BUS PR_MEMBUS PR_CACHE
[170/500] fac :: H11_PRC_PRT_PRMEMBUS :: PR_CACHE PR_TLB PR_MEMBUS
[171/500] fac :: H4_TUNED_KILLER :: CACHE BUS MEM
[172/500] fac :: H6_CACHE_PRC_PRT :: CACHE PR_CACHE PR_TLB
[173/500] fac :: H5_MEM_PRR_MTHM :: MEM PR_ROWBUF MTH_MEM
[174/500] fac :: H10_PRC_PRT_PRROW :: PR_CACHE PR_TLB PR_ROWBUF
[175/500] fac :: H7_CACHE_PRC_PRMEMBUS :: CACHE PR_CACHE PR_MEMBUS
[176/500] fac :: H13_CACHE_BUS_PRC :: CACHE BUS PR_CACHE
[177/500] fac :: H2_CACHE_CACHE_PRC :: CACHE CACHE PR_CACHE
[178/500] fac :: H15_PRC_MTHC_MTHM :: PR_CACHE MTH_CACHE MTH_MEM
[179/500] fac :: H12_PRC_PRROW_MTHM :: PR_CACHE PR_ROWBUF MTH_MEM
[180/500] fac :: H9_PTR_PRPTR_MTHPTR :: POINTER PR_POINTER MTH_POINTER
[181/500] cosf :: H14_CACHE_MEM_PRC :: CACHE MEM PR_CACHE
[182/500] cosf :: H20_PTR_PRPTR_PRC :: POINTER PR_POINTER PR_CACHE
[183/500] cosf :: H3_CACHE_PRC_PRC :: CACHE PR_CACHE PR_CACHE
[184/500] cosf :: H19_MEM_MEM_PRROW :: MEM MEM PR_ROWBUF
[185/500] cosf :: H1_CACHE_PRC_MTHC :: CACHE PR_CACHE MTH_CACHE
[186/500] cosf :: H17_PRC_PRC_PRT :: PR_CACHE PR_CACHE PR_TLB
[187/500] cosf :: H18_PRC_PRC_PRMEMBUS :: PR_CACHE PR_CACHE PR_MEMBUS
[188/500] cosf :: H16_CACHE_MEM_BUS :: CACHE MEM BUS
[189/500] cosf :: H8_BUS_PRMEMBUS_PRC :: BUS PR_MEMBUS PR_CACHE
[190/500] cosf :: H11_PRC_PRT_PRMEMBUS :: PR_CACHE PR_TLB PR_MEMBUS
[191/500] cosf :: H4_TUNED_KILLER :: CACHE BUS MEM
[192/500] cosf :: H6_CACHE_PRC_PRT :: CACHE PR_CACHE PR_TLB
[193/500] cosf :: H5_MEM_PRR_MTHM :: MEM PR_ROWBUF MTH_MEM
[194/500] cosf :: H10_PRC_PRT_PRROW :: PR_CACHE PR_TLB PR_ROWBUF
[195/500] cosf :: H7_CACHE_PRC_PRMEMBUS :: CACHE PR_CACHE PR_MEMBUS
[196/500] cosf :: H13_CACHE_BUS_PRC :: CACHE BUS PR_CACHE
[197/500] cosf :: H2_CACHE_CACHE_PRC :: CACHE CACHE PR_CACHE
[198/500] cosf :: H15_PRC_MTHC_MTHM :: PR_CACHE MTH_CACHE MTH_MEM
[199/500] cosf :: H12_PRC_PRROW_MTHM :: PR_CACHE PR_ROWBUF MTH_MEM
[200/500] cosf :: H9_PTR_PRPTR_MTHPTR :: POINTER PR_POINTER MTH_POINTER
[201/500] jfdctint :: H14_CACHE_MEM_PRC :: CACHE MEM PR_CACHE
[202/500] jfdctint :: H20_PTR_PRPTR_PRC :: POINTER PR_POINTER PR_CACHE
[203/500] jfdctint :: H3_CACHE_PRC_PRC :: CACHE PR_CACHE PR_CACHE
[204/500] jfdctint :: H19_MEM_MEM_PRROW :: MEM MEM PR_ROWBUF
[205/500] jfdctint :: H1_CACHE_PRC_MTHC :: CACHE PR_CACHE MTH_CACHE
[206/500] jfdctint :: H17_PRC_PRC_PRT :: PR_CACHE PR_CACHE PR_TLB
[207/500] jfdctint :: H18_PRC_PRC_PRMEMBUS :: PR_CACHE PR_CACHE PR_MEMBUS
[208/500] jfdctint :: H16_CACHE_MEM_BUS :: CACHE MEM BUS
[209/500] jfdctint :: H8_BUS_PRMEMBUS_PRC :: BUS PR_MEMBUS PR_CACHE
[210/500] jfdctint :: H11_PRC_PRT_PRMEMBUS :: PR_CACHE PR_TLB PR_MEMBUS
[211/500] jfdctint :: H4_TUNED_KILLER :: CACHE BUS MEM
[212/500] jfdctint :: H6_CACHE_PRC_PRT :: CACHE PR_CACHE PR_TLB
[213/500] jfdctint :: H5_MEM_PRR_MTHM :: MEM PR_ROWBUF MTH_MEM
[214/500] jfdctint :: H10_PRC_PRT_PRROW :: PR_CACHE PR_TLB PR_ROWBUF
[215/500] jfdctint :: H7_CACHE_PRC_PRMEMBUS :: CACHE PR_CACHE PR_MEMBUS
[216/500] jfdctint :: H13_CACHE_BUS_PRC :: CACHE BUS PR_CACHE
[217/500] jfdctint :: H2_CACHE_CACHE_PRC :: CACHE CACHE PR_CACHE
[218/500] jfdctint :: H15_PRC_MTHC_MTHM :: PR_CACHE MTH_CACHE MTH_MEM
[219/500] jfdctint :: H12_PRC_PRROW_MTHM :: PR_CACHE PR_ROWBUF MTH_MEM
[220/500] jfdctint :: H9_PTR_PRPTR_MTHPTR :: POINTER PR_POINTER MTH_POINTER
[221/500] insertsort :: H14_CACHE_MEM_PRC :: CACHE MEM PR_CACHE
[222/500] insertsort :: H20_PTR_PRPTR_PRC :: POINTER PR_POINTER PR_CACHE
[223/500] insertsort :: H3_CACHE_PRC_PRC :: CACHE PR_CACHE PR_CACHE
[224/500] insertsort :: H19_MEM_MEM_PRROW :: MEM MEM PR_ROWBUF
[225/500] insertsort :: H1_CACHE_PRC_MTHC :: CACHE PR_CACHE MTH_CACHE
[226/500] insertsort :: H17_PRC_PRC_PRT :: PR_CACHE PR_CACHE PR_TLB
[227/500] insertsort :: H18_PRC_PRC_PRMEMBUS :: PR_CACHE PR_CACHE PR_MEMBUS
[228/500] insertsort :: H16_CACHE_MEM_BUS :: CACHE MEM BUS
[229/500] insertsort :: H8_BUS_PRMEMBUS_PRC :: BUS PR_MEMBUS PR_CACHE
[230/500] insertsort :: H11_PRC_PRT_PRMEMBUS :: PR_CACHE PR_TLB PR_MEMBUS
[231/500] insertsort :: H4_TUNED_KILLER :: CACHE BUS MEM
[232/500] insertsort :: H6_CACHE_PRC_PRT :: CACHE PR_CACHE PR_TLB
[233/500] insertsort :: H5_MEM_PRR_MTHM :: MEM PR_ROWBUF MTH_MEM
[234/500] insertsort :: H10_PRC_PRT_PRROW :: PR_CACHE PR_TLB PR_ROWBUF
[235/500] insertsort :: H7_CACHE_PRC_PRMEMBUS :: CACHE PR_CACHE PR_MEMBUS
[236/500] insertsort :: H13_CACHE_BUS_PRC :: CACHE BUS PR_CACHE
[237/500] insertsort :: H2_CACHE_CACHE_PRC :: CACHE CACHE PR_CACHE
[238/500] insertsort :: H15_PRC_MTHC_MTHM :: PR_CACHE MTH_CACHE MTH_MEM
[239/500] insertsort :: H12_PRC_PRROW_MTHM :: PR_CACHE PR_ROWBUF MTH_MEM
[240/500] insertsort :: H9_PTR_PRPTR_MTHPTR :: POINTER PR_POINTER MTH_POINTER
[241/500] fir2dim :: H14_CACHE_MEM_PRC :: CACHE MEM PR_CACHE
[242/500] fir2dim :: H20_PTR_PRPTR_PRC :: POINTER PR_POINTER PR_CACHE
[243/500] fir2dim :: H3_CACHE_PRC_PRC :: CACHE PR_CACHE PR_CACHE
[244/500] fir2dim :: H19_MEM_MEM_PRROW :: MEM MEM PR_ROWBUF
[245/500] fir2dim :: H1_CACHE_PRC_MTHC :: CACHE PR_CACHE MTH_CACHE
[246/500] fir2dim :: H17_PRC_PRC_PRT :: PR_CACHE PR_CACHE PR_TLB
[247/500] fir2dim :: H18_PRC_PRC_PRMEMBUS :: PR_CACHE PR_CACHE PR_MEMBUS
[248/500] fir2dim :: H16_CACHE_MEM_BUS :: CACHE MEM BUS
[249/500] fir2dim :: H8_BUS_PRMEMBUS_PRC :: BUS PR_MEMBUS PR_CACHE
[250/500] fir2dim :: H11_PRC_PRT_PRMEMBUS :: PR_CACHE PR_TLB PR_MEMBUS
[251/500] fir2dim :: H4_TUNED_KILLER :: CACHE BUS MEM
[252/500] fir2dim :: H6_CACHE_PRC_PRT :: CACHE PR_CACHE PR_TLB
[253/500] fir2dim :: H5_MEM_PRR_MTHM :: MEM PR_ROWBUF MTH_MEM
[254/500] fir2dim :: H10_PRC_PRT_PRROW :: PR_CACHE PR_TLB PR_ROWBUF
[255/500] fir2dim :: H7_CACHE_PRC_PRMEMBUS :: CACHE PR_CACHE PR_MEMBUS
[256/500] fir2dim :: H13_CACHE_BUS_PRC :: CACHE BUS PR_CACHE
[257/500] fir2dim :: H2_CACHE_CACHE_PRC :: CACHE CACHE PR_CACHE
[258/500] fir2dim :: H15_PRC_MTHC_MTHM :: PR_CACHE MTH_CACHE MTH_MEM
[259/500] fir2dim :: H12_PRC_PRROW_MTHM :: PR_CACHE PR_ROWBUF MTH_MEM
[260/500] fir2dim :: H9_PTR_PRPTR_MTHPTR :: POINTER PR_POINTER MTH_POINTER
[261/500] bitcount :: H14_CACHE_MEM_PRC :: CACHE MEM PR_CACHE
[262/500] bitcount :: H20_PTR_PRPTR_PRC :: POINTER PR_POINTER PR_CACHE
[263/500] bitcount :: H3_CACHE_PRC_PRC :: CACHE PR_CACHE PR_CACHE
[264/500] bitcount :: H19_MEM_MEM_PRROW :: MEM MEM PR_ROWBUF
[265/500] bitcount :: H1_CACHE_PRC_MTHC :: CACHE PR_CACHE MTH_CACHE
[266/500] bitcount :: H17_PRC_PRC_PRT :: PR_CACHE PR_CACHE PR_TLB
[267/500] bitcount :: H18_PRC_PRC_PRMEMBUS :: PR_CACHE PR_CACHE PR_MEMBUS
[268/500] bitcount :: H16_CACHE_MEM_BUS :: CACHE MEM BUS
[269/500] bitcount :: H8_BUS_PRMEMBUS_PRC :: BUS PR_MEMBUS PR_CACHE
[270/500] bitcount :: H11_PRC_PRT_PRMEMBUS :: PR_CACHE PR_TLB PR_MEMBUS
[271/500] bitcount :: H4_TUNED_KILLER :: CACHE BUS MEM
[272/500] bitcount :: H6_CACHE_PRC_PRT :: CACHE PR_CACHE PR_TLB
[273/500] bitcount :: H5_MEM_PRR_MTHM :: MEM PR_ROWBUF MTH_MEM
[274/500] bitcount :: H10_PRC_PRT_PRROW :: PR_CACHE PR_TLB PR_ROWBUF
[275/500] bitcount :: H7_CACHE_PRC_PRMEMBUS :: CACHE PR_CACHE PR_MEMBUS
[276/500] bitcount :: H13_CACHE_BUS_PRC :: CACHE BUS PR_CACHE
[277/500] bitcount :: H2_CACHE_CACHE_PRC :: CACHE CACHE PR_CACHE
[278/500] bitcount :: H15_PRC_MTHC_MTHM :: PR_CACHE MTH_CACHE MTH_MEM
[279/500] bitcount :: H12_PRC_PRROW_MTHM :: PR_CACHE PR_ROWBUF MTH_MEM
[280/500] bitcount :: H9_PTR_PRPTR_MTHPTR :: POINTER PR_POINTER MTH_POINTER
[281/500] fft :: H14_CACHE_MEM_PRC :: CACHE MEM PR_CACHE
[282/500] fft :: H20_PTR_PRPTR_PRC :: POINTER PR_POINTER PR_CACHE
[283/500] fft :: H3_CACHE_PRC_PRC :: CACHE PR_CACHE PR_CACHE
[284/500] fft :: H19_MEM_MEM_PRROW :: MEM MEM PR_ROWBUF
[285/500] fft :: H1_CACHE_PRC_MTHC :: CACHE PR_CACHE MTH_CACHE
[286/500] fft :: H17_PRC_PRC_PRT :: PR_CACHE PR_CACHE PR_TLB
[287/500] fft :: H18_PRC_PRC_PRMEMBUS :: PR_CACHE PR_CACHE PR_MEMBUS
[288/500] fft :: H16_CACHE_MEM_BUS :: CACHE MEM BUS
[289/500] fft :: H8_BUS_PRMEMBUS_PRC :: BUS PR_MEMBUS PR_CACHE
[290/500] fft :: H11_PRC_PRT_PRMEMBUS :: PR_CACHE PR_TLB PR_MEMBUS
[291/500] fft :: H4_TUNED_KILLER :: CACHE BUS MEM
[292/500] fft :: H6_CACHE_PRC_PRT :: CACHE PR_CACHE PR_TLB
[293/500] fft :: H5_MEM_PRR_MTHM :: MEM PR_ROWBUF MTH_MEM
[294/500] fft :: H10_PRC_PRT_PRROW :: PR_CACHE PR_TLB PR_ROWBUF
[295/500] fft :: H7_CACHE_PRC_PRMEMBUS :: CACHE PR_CACHE PR_MEMBUS
[296/500] fft :: H13_CACHE_BUS_PRC :: CACHE BUS PR_CACHE
[297/500] fft :: H2_CACHE_CACHE_PRC :: CACHE CACHE PR_CACHE
[298/500] fft :: H15_PRC_MTHC_MTHM :: PR_CACHE MTH_CACHE MTH_MEM
[299/500] fft :: H12_PRC_PRROW_MTHM :: PR_CACHE PR_ROWBUF MTH_MEM
[300/500] fft :: H9_PTR_PRPTR_MTHPTR :: POINTER PR_POINTER MTH_POINTER
[301/500] adpcm_dec :: H14_CACHE_MEM_PRC :: CACHE MEM PR_CACHE
[302/500] adpcm_dec :: H20_PTR_PRPTR_PRC :: POINTER PR_POINTER PR_CACHE
[303/500] adpcm_dec :: H3_CACHE_PRC_PRC :: CACHE PR_CACHE PR_CACHE
[304/500] adpcm_dec :: H19_MEM_MEM_PRROW :: MEM MEM PR_ROWBUF
[305/500] adpcm_dec :: H1_CACHE_PRC_MTHC :: CACHE PR_CACHE MTH_CACHE
[306/500] adpcm_dec :: H17_PRC_PRC_PRT :: PR_CACHE PR_CACHE PR_TLB
[307/500] adpcm_dec :: H18_PRC_PRC_PRMEMBUS :: PR_CACHE PR_CACHE PR_MEMBUS
[308/500] adpcm_dec :: H16_CACHE_MEM_BUS :: CACHE MEM BUS
[309/500] adpcm_dec :: H8_BUS_PRMEMBUS_PRC :: BUS PR_MEMBUS PR_CACHE
[310/500] adpcm_dec :: H11_PRC_PRT_PRMEMBUS :: PR_CACHE PR_TLB PR_MEMBUS
[311/500] adpcm_dec :: H4_TUNED_KILLER :: CACHE BUS MEM
[312/500] adpcm_dec :: H6_CACHE_PRC_PRT :: CACHE PR_CACHE PR_TLB
[313/500] adpcm_dec :: H5_MEM_PRR_MTHM :: MEM PR_ROWBUF MTH_MEM
[314/500] adpcm_dec :: H10_PRC_PRT_PRROW :: PR_CACHE PR_TLB PR_ROWBUF
[315/500] adpcm_dec :: H7_CACHE_PRC_PRMEMBUS :: CACHE PR_CACHE PR_MEMBUS
[316/500] adpcm_dec :: H13_CACHE_BUS_PRC :: CACHE BUS PR_CACHE
[317/500] adpcm_dec :: H2_CACHE_CACHE_PRC :: CACHE CACHE PR_CACHE
[318/500] adpcm_dec :: H15_PRC_MTHC_MTHM :: PR_CACHE MTH_CACHE MTH_MEM
[319/500] adpcm_dec :: H12_PRC_PRROW_MTHM :: PR_CACHE PR_ROWBUF MTH_MEM
[320/500] adpcm_dec :: H9_PTR_PRPTR_MTHPTR :: POINTER PR_POINTER MTH_POINTER
[321/500] statemate :: H14_CACHE_MEM_PRC :: CACHE MEM PR_CACHE
[322/500] statemate :: H20_PTR_PRPTR_PRC :: POINTER PR_POINTER PR_CACHE
[323/500] statemate :: H3_CACHE_PRC_PRC :: CACHE PR_CACHE PR_CACHE
[324/500] statemate :: H19_MEM_MEM_PRROW :: MEM MEM PR_ROWBUF
[325/500] statemate :: H1_CACHE_PRC_MTHC :: CACHE PR_CACHE MTH_CACHE
[326/500] statemate :: H17_PRC_PRC_PRT :: PR_CACHE PR_CACHE PR_TLB
[327/500] statemate :: H18_PRC_PRC_PRMEMBUS :: PR_CACHE PR_CACHE PR_MEMBUS
[328/500] statemate :: H16_CACHE_MEM_BUS :: CACHE MEM BUS
[329/500] statemate :: H8_BUS_PRMEMBUS_PRC :: BUS PR_MEMBUS PR_CACHE
[330/500] statemate :: H11_PRC_PRT_PRMEMBUS :: PR_CACHE PR_TLB PR_MEMBUS
[331/500] statemate :: H4_TUNED_KILLER :: CACHE BUS MEM
[332/500] statemate :: H6_CACHE_PRC_PRT :: CACHE PR_CACHE PR_TLB
[333/500] statemate :: H5_MEM_PRR_MTHM :: MEM PR_ROWBUF MTH_MEM
[334/500] statemate :: H10_PRC_PRT_PRROW :: PR_CACHE PR_TLB PR_ROWBUF
[335/500] statemate :: H7_CACHE_PRC_PRMEMBUS :: CACHE PR_CACHE PR_MEMBUS
[336/500] statemate :: H13_CACHE_BUS_PRC :: CACHE BUS PR_CACHE
[337/500] statemate :: H2_CACHE_CACHE_PRC :: CACHE CACHE PR_CACHE
[338/500] statemate :: H15_PRC_MTHC_MTHM :: PR_CACHE MTH_CACHE MTH_MEM
[339/500] statemate :: H12_PRC_PRROW_MTHM :: PR_CACHE PR_ROWBUF MTH_MEM
[340/500] statemate :: H9_PTR_PRPTR_MTHPTR :: POINTER PR_POINTER MTH_POINTER
[341/500] fmref :: H14_CACHE_MEM_PRC :: CACHE MEM PR_CACHE
[342/500] fmref :: H20_PTR_PRPTR_PRC :: POINTER PR_POINTER PR_CACHE
[343/500] fmref :: H3_CACHE_PRC_PRC :: CACHE PR_CACHE PR_CACHE
[344/500] fmref :: H19_MEM_MEM_PRROW :: MEM MEM PR_ROWBUF
[345/500] fmref :: H1_CACHE_PRC_MTHC :: CACHE PR_CACHE MTH_CACHE
[346/500] fmref :: H17_PRC_PRC_PRT :: PR_CACHE PR_CACHE PR_TLB
[347/500] fmref :: H18_PRC_PRC_PRMEMBUS :: PR_CACHE PR_CACHE PR_MEMBUS
[348/500] fmref :: H16_CACHE_MEM_BUS :: CACHE MEM BUS
[349/500] fmref :: H8_BUS_PRMEMBUS_PRC :: BUS PR_MEMBUS PR_CACHE
[350/500] fmref :: H11_PRC_PRT_PRMEMBUS :: PR_CACHE PR_TLB PR_MEMBUS
[351/500] fmref :: H4_TUNED_KILLER :: CACHE BUS MEM
[352/500] fmref :: H6_CACHE_PRC_PRT :: CACHE PR_CACHE PR_TLB
[353/500] fmref :: H5_MEM_PRR_MTHM :: MEM PR_ROWBUF MTH_MEM
[354/500] fmref :: H10_PRC_PRT_PRROW :: PR_CACHE PR_TLB PR_ROWBUF
[355/500] fmref :: H7_CACHE_PRC_PRMEMBUS :: CACHE PR_CACHE PR_MEMBUS
[356/500] fmref :: H13_CACHE_BUS_PRC :: CACHE BUS PR_CACHE
[357/500] fmref :: H2_CACHE_CACHE_PRC :: CACHE CACHE PR_CACHE
[358/500] fmref :: H15_PRC_MTHC_MTHM :: PR_CACHE MTH_CACHE MTH_MEM
[359/500] fmref :: H12_PRC_PRROW_MTHM :: PR_CACHE PR_ROWBUF MTH_MEM
[360/500] fmref :: H9_PTR_PRPTR_MTHPTR :: POINTER PR_POINTER MTH_POINTER
[361/500] pm :: H14_CACHE_MEM_PRC :: CACHE MEM PR_CACHE
[362/500] pm :: H20_PTR_PRPTR_PRC :: POINTER PR_POINTER PR_CACHE
[363/500] pm :: H3_CACHE_PRC_PRC :: CACHE PR_CACHE PR_CACHE
[364/500] pm :: H19_MEM_MEM_PRROW :: MEM MEM PR_ROWBUF
[365/500] pm :: H1_CACHE_PRC_MTHC :: CACHE PR_CACHE MTH_CACHE
[366/500] pm :: H17_PRC_PRC_PRT :: PR_CACHE PR_CACHE PR_TLB
[367/500] pm :: H18_PRC_PRC_PRMEMBUS :: PR_CACHE PR_CACHE PR_MEMBUS
[368/500] pm :: H16_CACHE_MEM_BUS :: CACHE MEM BUS
[369/500] pm :: H8_BUS_PRMEMBUS_PRC :: BUS PR_MEMBUS PR_CACHE
[370/500] pm :: H11_PRC_PRT_PRMEMBUS :: PR_CACHE PR_TLB PR_MEMBUS
[371/500] pm :: H4_TUNED_KILLER :: CACHE BUS MEM
[372/500] pm :: H6_CACHE_PRC_PRT :: CACHE PR_CACHE PR_TLB
[373/500] pm :: H5_MEM_PRR_MTHM :: MEM PR_ROWBUF MTH_MEM
[374/500] pm :: H10_PRC_PRT_PRROW :: PR_CACHE PR_TLB PR_ROWBUF
[375/500] pm :: H7_CACHE_PRC_PRMEMBUS :: CACHE PR_CACHE PR_MEMBUS
[376/500] pm :: H13_CACHE_BUS_PRC :: CACHE BUS PR_CACHE
[377/500] pm :: H2_CACHE_CACHE_PRC :: CACHE CACHE PR_CACHE
[378/500] pm :: H15_PRC_MTHC_MTHM :: PR_CACHE MTH_CACHE MTH_MEM
[379/500] pm :: H12_PRC_PRROW_MTHM :: PR_CACHE PR_ROWBUF MTH_MEM
[380/500] pm :: H9_PTR_PRPTR_MTHPTR :: POINTER PR_POINTER MTH_POINTER
[381/500] bsort :: H14_CACHE_MEM_PRC :: CACHE MEM PR_CACHE
[382/500] bsort :: H20_PTR_PRPTR_PRC :: POINTER PR_POINTER PR_CACHE
[383/500] bsort :: H3_CACHE_PRC_PRC :: CACHE PR_CACHE PR_CACHE
[384/500] bsort :: H19_MEM_MEM_PRROW :: MEM MEM PR_ROWBUF
[385/500] bsort :: H1_CACHE_PRC_MTHC :: CACHE PR_CACHE MTH_CACHE
[386/500] bsort :: H17_PRC_PRC_PRT :: PR_CACHE PR_CACHE PR_TLB
[387/500] bsort :: H18_PRC_PRC_PRMEMBUS :: PR_CACHE PR_CACHE PR_MEMBUS
[388/500] bsort :: H16_CACHE_MEM_BUS :: CACHE MEM BUS
[389/500] bsort :: H8_BUS_PRMEMBUS_PRC :: BUS PR_MEMBUS PR_CACHE
[390/500] bsort :: H11_PRC_PRT_PRMEMBUS :: PR_CACHE PR_TLB PR_MEMBUS
[391/500] bsort :: H4_TUNED_KILLER :: CACHE BUS MEM
[392/500] bsort :: H6_CACHE_PRC_PRT :: CACHE PR_CACHE PR_TLB
[393/500] bsort :: H5_MEM_PRR_MTHM :: MEM PR_ROWBUF MTH_MEM
[394/500] bsort :: H10_PRC_PRT_PRROW :: PR_CACHE PR_TLB PR_ROWBUF
[395/500] bsort :: H7_CACHE_PRC_PRMEMBUS :: CACHE PR_CACHE PR_MEMBUS
[396/500] bsort :: H13_CACHE_BUS_PRC :: CACHE BUS PR_CACHE
[397/500] bsort :: H2_CACHE_CACHE_PRC :: CACHE CACHE PR_CACHE
[398/500] bsort :: H15_PRC_MTHC_MTHM :: PR_CACHE MTH_CACHE MTH_MEM
[399/500] bsort :: H12_PRC_PRROW_MTHM :: PR_CACHE PR_ROWBUF MTH_MEM
[400/500] bsort :: H9_PTR_PRPTR_MTHPTR :: POINTER PR_POINTER MTH_POINTER
[401/500] recursion :: H14_CACHE_MEM_PRC :: CACHE MEM PR_CACHE
[402/500] recursion :: H20_PTR_PRPTR_PRC :: POINTER PR_POINTER PR_CACHE
[403/500] recursion :: H3_CACHE_PRC_PRC :: CACHE PR_CACHE PR_CACHE
[404/500] recursion :: H19_MEM_MEM_PRROW :: MEM MEM PR_ROWBUF
[405/500] recursion :: H1_CACHE_PRC_MTHC :: CACHE PR_CACHE MTH_CACHE
[406/500] recursion :: H17_PRC_PRC_PRT :: PR_CACHE PR_CACHE PR_TLB
[407/500] recursion :: H18_PRC_PRC_PRMEMBUS :: PR_CACHE PR_CACHE PR_MEMBUS
[408/500] recursion :: H16_CACHE_MEM_BUS :: CACHE MEM BUS
[409/500] recursion :: H8_BUS_PRMEMBUS_PRC :: BUS PR_MEMBUS PR_CACHE
[410/500] recursion :: H11_PRC_PRT_PRMEMBUS :: PR_CACHE PR_TLB PR_MEMBUS
[411/500] recursion :: H4_TUNED_KILLER :: CACHE BUS MEM
[412/500] recursion :: H6_CACHE_PRC_PRT :: CACHE PR_CACHE PR_TLB
[413/500] recursion :: H5_MEM_PRR_MTHM :: MEM PR_ROWBUF MTH_MEM
[414/500] recursion :: H10_PRC_PRT_PRROW :: PR_CACHE PR_TLB PR_ROWBUF
[415/500] recursion :: H7_CACHE_PRC_PRMEMBUS :: CACHE PR_CACHE PR_MEMBUS
[416/500] recursion :: H13_CACHE_BUS_PRC :: CACHE BUS PR_CACHE
[417/500] recursion :: H2_CACHE_CACHE_PRC :: CACHE CACHE PR_CACHE
[418/500] recursion :: H15_PRC_MTHC_MTHM :: PR_CACHE MTH_CACHE MTH_MEM
[419/500] recursion :: H12_PRC_PRROW_MTHM :: PR_CACHE PR_ROWBUF MTH_MEM
[420/500] recursion :: H9_PTR_PRPTR_MTHPTR :: POINTER PR_POINTER MTH_POINTER
[421/500] ndes :: H14_CACHE_MEM_PRC :: CACHE MEM PR_CACHE
[422/500] ndes :: H20_PTR_PRPTR_PRC :: POINTER PR_POINTER PR_CACHE
[423/500] ndes :: H3_CACHE_PRC_PRC :: CACHE PR_CACHE PR_CACHE
[424/500] ndes :: H19_MEM_MEM_PRROW :: MEM MEM PR_ROWBUF
[425/500] ndes :: H1_CACHE_PRC_MTHC :: CACHE PR_CACHE MTH_CACHE
[426/500] ndes :: H17_PRC_PRC_PRT :: PR_CACHE PR_CACHE PR_TLB
[427/500] ndes :: H18_PRC_PRC_PRMEMBUS :: PR_CACHE PR_CACHE PR_MEMBUS
[428/500] ndes :: H16_CACHE_MEM_BUS :: CACHE MEM BUS
[429/500] ndes :: H8_BUS_PRMEMBUS_PRC :: BUS PR_MEMBUS PR_CACHE
[430/500] ndes :: H11_PRC_PRT_PRMEMBUS :: PR_CACHE PR_TLB PR_MEMBUS
[431/500] ndes :: H4_TUNED_KILLER :: CACHE BUS MEM
[432/500] ndes :: H6_CACHE_PRC_PRT :: CACHE PR_CACHE PR_TLB
[433/500] ndes :: H5_MEM_PRR_MTHM :: MEM PR_ROWBUF MTH_MEM
[434/500] ndes :: H10_PRC_PRT_PRROW :: PR_CACHE PR_TLB PR_ROWBUF
[435/500] ndes :: H7_CACHE_PRC_PRMEMBUS :: CACHE PR_CACHE PR_MEMBUS
[436/500] ndes :: H13_CACHE_BUS_PRC :: CACHE BUS PR_CACHE
[437/500] ndes :: H2_CACHE_CACHE_PRC :: CACHE CACHE PR_CACHE
[438/500] ndes :: H15_PRC_MTHC_MTHM :: PR_CACHE MTH_CACHE MTH_MEM
[439/500] ndes :: H12_PRC_PRROW_MTHM :: PR_CACHE PR_ROWBUF MTH_MEM
[440/500] ndes :: H9_PTR_PRPTR_MTHPTR :: POINTER PR_POINTER MTH_POINTER
[441/500] susan :: H14_CACHE_MEM_PRC :: CACHE MEM PR_CACHE
[442/500] susan :: H20_PTR_PRPTR_PRC :: POINTER PR_POINTER PR_CACHE
[443/500] susan :: H3_CACHE_PRC_PRC :: CACHE PR_CACHE PR_CACHE
[444/500] susan :: H19_MEM_MEM_PRROW :: MEM MEM PR_ROWBUF
[445/500] susan :: H1_CACHE_PRC_MTHC :: CACHE PR_CACHE MTH_CACHE
[446/500] susan :: H17_PRC_PRC_PRT :: PR_CACHE PR_CACHE PR_TLB
[447/500] susan :: H18_PRC_PRC_PRMEMBUS :: PR_CACHE PR_CACHE PR_MEMBUS
[448/500] susan :: H16_CACHE_MEM_BUS :: CACHE MEM BUS
[449/500] susan :: H8_BUS_PRMEMBUS_PRC :: BUS PR_MEMBUS PR_CACHE
[450/500] susan :: H11_PRC_PRT_PRMEMBUS :: PR_CACHE PR_TLB PR_MEMBUS
[451/500] susan :: H4_TUNED_KILLER :: CACHE BUS MEM
[452/500] susan :: H6_CACHE_PRC_PRT :: CACHE PR_CACHE PR_TLB
[453/500] susan :: H5_MEM_PRR_MTHM :: MEM PR_ROWBUF MTH_MEM
[454/500] susan :: H10_PRC_PRT_PRROW :: PR_CACHE PR_TLB PR_ROWBUF
[455/500] susan :: H7_CACHE_PRC_PRMEMBUS :: CACHE PR_CACHE PR_MEMBUS
[456/500] susan :: H13_CACHE_BUS_PRC :: CACHE BUS PR_CACHE
[457/500] susan :: H2_CACHE_CACHE_PRC :: CACHE CACHE PR_CACHE
[458/500] susan :: H15_PRC_MTHC_MTHM :: PR_CACHE MTH_CACHE MTH_MEM
[459/500] susan :: H12_PRC_PRROW_MTHM :: PR_CACHE PR_ROWBUF MTH_MEM
[460/500] susan :: H9_PTR_PRPTR_MTHPTR :: POINTER PR_POINTER MTH_POINTER
[461/500] h264_dec :: H14_CACHE_MEM_PRC :: CACHE MEM PR_CACHE
[462/500] h264_dec :: H20_PTR_PRPTR_PRC :: POINTER PR_POINTER PR_CACHE
[463/500] h264_dec :: H3_CACHE_PRC_PRC :: CACHE PR_CACHE PR_CACHE
[464/500] h264_dec :: H19_MEM_MEM_PRROW :: MEM MEM PR_ROWBUF
[465/500] h264_dec :: H1_CACHE_PRC_MTHC :: CACHE PR_CACHE MTH_CACHE
[466/500] h264_dec :: H17_PRC_PRC_PRT :: PR_CACHE PR_CACHE PR_TLB
[467/500] h264_dec :: H18_PRC_PRC_PRMEMBUS :: PR_CACHE PR_CACHE PR_MEMBUS
[468/500] h264_dec :: H16_CACHE_MEM_BUS :: CACHE MEM BUS
[469/500] h264_dec :: H8_BUS_PRMEMBUS_PRC :: BUS PR_MEMBUS PR_CACHE
