[results_manual/e24/fir2dim__LLC.txt           ]   0s cycles_avg=1.319e+04
[results_manual/e24/fir2dim__BUS.txt           ]   1s cycles_avg=1.400e+04
[results_manual/e24/fir2dim__LLC+BUS.txt       ]   0s cycles_avg=1.331e+04
[results_manual/e24/fmref__LLC.txt             ]   0s cycles_avg=6.587e+05
[results_manual/e24/fmref__MEM.txt             ]   1s cycles_avg=6.594e+05
[results_manual/e24/fmref__LLC+MEM.txt         ]   1s cycles_avg=6.608e+05
[results_manual/e24/cosf__BUS.txt              ]   0s cycles_avg=3.194e+04
[results_manual/e24/cosf__MEM.txt              ]   1s cycles_avg=3.119e+04
[results_manual/e24/cosf__BUS+MEM.txt          ]   0s cycles_avg=3.197e+04
[results_manual/e24/test3__LLC.txt             ]  58s cycles_avg=7.762e+08
[results_manual/e24/test3__MEM.txt             ]  61s cycles_avg=7.905e+08
[results_manual/e24/test3__LLC+MEM.txt         ]  56s cycles_avg=7.971e+08
[results_manual/e24/jfdctint__BUS.txt          ]   1s cycles_avg=1.036e+04
[results_manual/e24/jfdctint__MEM.txt          ]   0s cycles_avg=8.666e+03
[results_manual/e24/jfdctint__BUS+MEM.txt      ]   1s cycles_avg=3.062e+04
[results_manual/e24/fac__LLC.txt               ]   0s cycles_avg=9.664e+02
[results_manual/e24/fac__BUS.txt               ]   1s cycles_avg=9.166e+02
[results_manual/e24/fac__LLC+BUS.txt           ]   1s cycles_avg=2.976e+03
[results_manual/e24/matrix1__LLC+MEM.txt       ]   0s cycles_avg=2.118e+04
[results_manual/e24/matrix1__BUS+MEM.txt       ]   1s cycles_avg=2.681e+04
[results_manual/e25/fir2dim__triple2.txt       ]   0s cycles_avg=1.408e+04
[results_manual/e25/fmref__triple2.txt         ]   0s cycles_avg=6.589e+05
[results_manual/e25/cosf__triple2.txt          ]   1s cycles_avg=3.153e+04
[results_manual/e25/test3__triple2.txt         ]  54s cycles_avg=7.873e+08
[results_manual/e25/jfdctint__triple2.txt      ]   0s cycles_avg=9.261e+03
[results_manual/e25/fac__triple2.txt           ]   1s cycles_avg=9.748e+02
[results_manual/e25/insertsort__triple2.txt    ]   0s cycles_avg=4.600e+03
[results_manual/e25/matrix1__triple2.txt       ]   0s cycles_avg=2.064e+04
DONE_345 e24=20 e25=8
